Archive member included to satisfy reference by file (symbol)

gcc-libgcc.a(_udivsi3.o)      font_direct.o (__aeabi_uidiv)
gcc-libgcc.a(_dvmd_tls.o)     gcc-libgcc.a(_udivsi3.o) (__aeabi_idiv0)

Discarded input sections

 .group         0x0000000000000000        0x8 reboot.o
 .group         0x0000000000000000        0x8 reboot.o
 .group         0x0000000000000000        0x8 reboot.o
 .group         0x0000000000000000        0x8 reboot.o
 .group         0x0000000000000000        0x8 reboot.o
 .group         0x0000000000000000        0x8 reboot.o
 .group         0x0000000000000000        0x8 reboot.o
 .group         0x0000000000000000        0x8 reboot.o
 .group         0x0000000000000000        0x8 reboot.o
 .group         0x0000000000000000        0x8 reboot.o
 .group         0x0000000000000000        0x8 reboot.o
 .group         0x0000000000000000        0x8 reboot.o
 .group         0x0000000000000000        0x8 reboot.o
 .group         0x0000000000000000        0x8 reboot.o
 .group         0x0000000000000000        0x8 reboot.o
 .group         0x0000000000000000        0x8 reboot.o
 .group         0x0000000000000000        0x8 reboot.o
 .group         0x0000000000000000        0x8 reboot.o
 .group         0x0000000000000000        0x8 reboot.o
 .group         0x0000000000000000        0x8 reboot.o
 .group         0x0000000000000000        0x8 reboot.o
 .group         0x0000000000000000        0x8 reboot.o
 .group         0x0000000000000000        0x8 reboot.o
 .group         0x0000000000000000        0x8 reboot.o
 .group         0x0000000000000000        0x8 reboot.o
 .group         0x0000000000000000        0x8 reboot.o
 .group         0x0000000000000000        0x8 reboot.o
 .group         0x0000000000000000        0x8 reboot.o
 .group         0x0000000000000000        0x8 reboot.o
 .group         0x0000000000000000        0x8 reboot.o
 .group         0x0000000000000000        0x8 reboot.o
 .group         0x0000000000000000        0x8 reboot.o
 .group         0x0000000000000000        0x8 reboot.o
 .group         0x0000000000000000        0x8 reboot.o
 .group         0x0000000000000000        0x8 reboot.o
 .group         0x0000000000000000        0x8 reboot.o
 .group         0x0000000000000000        0x8 reboot.o
 .group         0x0000000000000000        0x8 reboot.o
 .group         0x0000000000000000        0x8 reboot.o
 .group         0x0000000000000000        0x8 disp_direct.o
 .group         0x0000000000000000        0x8 disp_direct.o
 .group         0x0000000000000000        0x8 disp_direct.o
 .group         0x0000000000000000        0x8 disp_direct.o
 .group         0x0000000000000000        0x8 disp_direct.o
 .group         0x0000000000000000        0x8 disp_direct.o
 .group         0x0000000000000000        0x8 disp_direct.o
 .group         0x0000000000000000        0x8 disp_direct.o
 .group         0x0000000000000000        0x8 disp_direct.o
 .group         0x0000000000000000        0x8 disp_direct.o
 .group         0x0000000000000000        0x8 disp_direct.o
 .group         0x0000000000000000        0x8 disp_direct.o
 .group         0x0000000000000000        0x8 disp_direct.o
 .group         0x0000000000000000        0x8 disp_direct.o
 .group         0x0000000000000000        0x8 disp_direct.o
 .group         0x0000000000000000        0x8 disp_direct.o
 .group         0x0000000000000000        0x8 disp_direct.o
 .group         0x0000000000000000        0x8 disp_direct.o
 .group         0x0000000000000000        0x8 disp_direct.o
 .group         0x0000000000000000        0x8 disp_direct.o
 .group         0x0000000000000000        0x8 disp_direct.o
 .group         0x0000000000000000        0x8 disp_direct.o
 .group         0x0000000000000000        0x8 disp_direct.o
 .group         0x0000000000000000        0x8 disp_direct.o
 .group         0x0000000000000000        0x8 disp_direct.o
 .group         0x0000000000000000        0x8 disp_direct.o
 .group         0x0000000000000000        0x8 disp_direct.o
 .group         0x0000000000000000        0x8 disp_direct.o
 .group         0x0000000000000000        0x8 disp_direct.o
 .group         0x0000000000000000        0x8 disp_direct.o
 .group         0x0000000000000000        0x8 disp_direct.o
 .group         0x0000000000000000        0x8 disp_direct.o
 .group         0x0000000000000000        0x8 disp_direct.o
 .group         0x0000000000000000        0x8 disp_direct.o
 .group         0x0000000000000000        0x8 disp_direct.o
 .debug_macro   0x0000000000000000      0x892 disp_direct.o
 .debug_macro   0x0000000000000000       0x22 disp_direct.o
 .debug_macro   0x0000000000000000       0x35 disp_direct.o
 .debug_macro   0x0000000000000000       0x9c disp_direct.o
 .debug_macro   0x0000000000000000      0x16d disp_direct.o
 .debug_macro   0x0000000000000000       0x52 disp_direct.o
 .debug_macro   0x0000000000000000       0x1f disp_direct.o
 .debug_macro   0x0000000000000000       0x43 disp_direct.o
 .debug_macro   0x0000000000000000       0x20 disp_direct.o
 .debug_macro   0x0000000000000000      0x187 disp_direct.o
 .debug_macro   0x0000000000000000      0x330 disp_direct.o
 .debug_macro   0x0000000000000000       0x10 disp_direct.o
 .debug_macro   0x0000000000000000       0x35 disp_direct.o
 .debug_macro   0x0000000000000000       0xfd disp_direct.o
 .debug_macro   0x0000000000000000       0x5e disp_direct.o
 .debug_macro   0x0000000000000000      0x1df disp_direct.o
 .debug_macro   0x0000000000000000       0x52 disp_direct.o
 .debug_macro   0x0000000000000000       0x3a disp_direct.o
 .debug_macro   0x0000000000000000       0x10 disp_direct.o
 .debug_macro   0x0000000000000000      0x118 disp_direct.o
 .debug_macro   0x0000000000000000       0x10 disp_direct.o
 .debug_macro   0x0000000000000000       0x1c disp_direct.o
 .debug_macro   0x0000000000000000       0x52 disp_direct.o
 .debug_macro   0x0000000000000000       0x40 disp_direct.o
 .debug_macro   0x0000000000000000       0x10 disp_direct.o
 .debug_macro   0x0000000000000000       0x40 disp_direct.o
 .debug_macro   0x0000000000000000       0xd7 disp_direct.o
 .debug_macro   0x0000000000000000       0x8e disp_direct.o
 .debug_macro   0x0000000000000000       0x97 disp_direct.o
 .debug_macro   0x0000000000000000      0x395 disp_direct.o
 .group         0x0000000000000000        0x8 font_direct.o
 .group         0x0000000000000000        0x8 font_direct.o
 .group         0x0000000000000000        0x8 font_direct.o
 .group         0x0000000000000000        0x8 font_direct.o
 .group         0x0000000000000000        0x8 font_direct.o
 .group         0x0000000000000000        0x8 font_direct.o
 .group         0x0000000000000000        0x8 font_direct.o
 .group         0x0000000000000000        0x8 font_direct.o
 .group         0x0000000000000000        0x8 font_direct.o
 .group         0x0000000000000000        0x8 font_direct.o
 .group         0x0000000000000000        0x8 font_direct.o
 .group         0x0000000000000000        0x8 font_direct.o
 .group         0x0000000000000000        0x8 font_direct.o
 .group         0x0000000000000000        0x8 font_direct.o
 .group         0x0000000000000000        0x8 font_direct.o
 .group         0x0000000000000000        0x8 font_direct.o
 .group         0x0000000000000000        0x8 font_direct.o
 .group         0x0000000000000000        0x8 font_direct.o
 .group         0x0000000000000000        0x8 font_direct.o
 .group         0x0000000000000000        0x8 font_direct.o
 .group         0x0000000000000000        0x8 font_direct.o
 .group         0x0000000000000000        0x8 font_direct.o
 .group         0x0000000000000000        0x8 font_direct.o
 .group         0x0000000000000000        0x8 font_direct.o
 .group         0x0000000000000000        0x8 font_direct.o
 .group         0x0000000000000000        0x8 font_direct.o
 .group         0x0000000000000000        0x8 font_direct.o
 .group         0x0000000000000000        0x8 font_direct.o
 .group         0x0000000000000000        0x8 font_direct.o
 .group         0x0000000000000000        0x8 font_direct.o
 .group         0x0000000000000000        0x8 font_direct.o
 .group         0x0000000000000000        0x8 font_direct.o
 .group         0x0000000000000000        0x8 font_direct.o
 .group         0x0000000000000000        0x8 font_direct.o
 .group         0x0000000000000000        0x8 font_direct.o
 .group         0x0000000000000000        0x8 font_direct.o
 .group         0x0000000000000000        0x8 font_direct.o
 .group         0x0000000000000000        0x8 font_direct.o
 .group         0x0000000000000000        0x8 font_direct.o
 .group         0x0000000000000000        0x8 font_direct.o
 .group         0x0000000000000000        0x8 font_direct.o
 .group         0x0000000000000000        0x8 font_direct.o
 .debug_macro   0x0000000000000000      0x892 font_direct.o
 .debug_macro   0x0000000000000000       0x22 font_direct.o
 .debug_macro   0x0000000000000000       0x4c font_direct.o
 .debug_macro   0x0000000000000000       0x8d font_direct.o
 .debug_macro   0x0000000000000000       0x35 font_direct.o
 .debug_macro   0x0000000000000000       0x9c font_direct.o
 .debug_macro   0x0000000000000000      0x16d font_direct.o
 .debug_macro   0x0000000000000000       0x4a font_direct.o
 .debug_macro   0x0000000000000000       0x52 font_direct.o
 .debug_macro   0x0000000000000000       0x1f font_direct.o
 .debug_macro   0x0000000000000000       0x43 font_direct.o
 .debug_macro   0x0000000000000000       0x20 font_direct.o
 .debug_macro   0x0000000000000000      0x187 font_direct.o
 .debug_macro   0x0000000000000000      0x330 font_direct.o
 .debug_macro   0x0000000000000000       0x10 font_direct.o
 .debug_macro   0x0000000000000000       0x35 font_direct.o
 .debug_macro   0x0000000000000000       0xfd font_direct.o
 .debug_macro   0x0000000000000000       0x5e font_direct.o
 .debug_macro   0x0000000000000000      0x1df font_direct.o
 .debug_macro   0x0000000000000000       0x10 font_direct.o
 .debug_macro   0x0000000000000000       0x1c font_direct.o
 .debug_macro   0x0000000000000000       0x52 font_direct.o
 .debug_macro   0x0000000000000000       0x40 font_direct.o
 .debug_macro   0x0000000000000000       0x10 font_direct.o
 .debug_macro   0x0000000000000000       0x40 font_direct.o
 .debug_macro   0x0000000000000000       0xd7 font_direct.o
 .debug_macro   0x0000000000000000       0x16 font_direct.o
 .debug_macro   0x0000000000000000       0x52 font_direct.o
 .debug_macro   0x0000000000000000       0x3a font_direct.o
 .debug_macro   0x0000000000000000       0x10 font_direct.o
 .debug_macro   0x0000000000000000       0x2b font_direct.o
 .debug_macro   0x0000000000000000      0x118 font_direct.o
 .debug_macro   0x0000000000000000       0x8e font_direct.o
 .debug_macro   0x0000000000000000       0x97 font_direct.o
 .debug_macro   0x0000000000000000      0x395 font_direct.o
 .group         0x0000000000000000        0x8 cache.o
 .group         0x0000000000000000        0x8 cache.o
 .group         0x0000000000000000        0x8 cache.o
 .group         0x0000000000000000        0x8 cache.o
 .group         0x0000000000000000        0x8 cache.o
 .group         0x0000000000000000        0x8 cache.o
 .group         0x0000000000000000        0x8 cache.o
 .group         0x0000000000000000        0x8 cache.o
 .group         0x0000000000000000        0x8 cache.o
 .group         0x0000000000000000        0x8 cache.o
 .group         0x0000000000000000        0x8 cache.o
 .group         0x0000000000000000        0x8 cache.o
 .group         0x0000000000000000        0x8 cache.o
 .group         0x0000000000000000        0x8 cache.o
 .group         0x0000000000000000        0x8 cache.o
 .group         0x0000000000000000        0x8 cache.o
 .group         0x0000000000000000        0x8 cache.o
 .group         0x0000000000000000        0x8 cache.o
 .group         0x0000000000000000        0x8 cache.o
 .group         0x0000000000000000        0x8 cache.o
 .group         0x0000000000000000        0x8 cache.o
 .group         0x0000000000000000        0x8 cache.o
 .group         0x0000000000000000        0x8 cache.o
 .group         0x0000000000000000        0x8 cache.o
 .group         0x0000000000000000        0x8 cache.o
 .group         0x0000000000000000        0x8 cache.o
 .group         0x0000000000000000        0x8 cache.o
 .group         0x0000000000000000        0x8 cache.o
 .group         0x0000000000000000        0x8 cache.o
 .debug_macro   0x0000000000000000      0x892 cache.o
 .debug_macro   0x0000000000000000       0x3a cache.o
 .debug_macro   0x0000000000000000       0x10 cache.o
 .debug_macro   0x0000000000000000       0x22 cache.o
 .debug_macro   0x0000000000000000       0x87 cache.o
 .debug_macro   0x0000000000000000       0x44 cache.o
 .debug_macro   0x0000000000000000       0xfd cache.o
 .debug_macro   0x0000000000000000       0x5e cache.o
 .debug_macro   0x0000000000000000      0x1df cache.o
 .debug_macro   0x0000000000000000       0x52 cache.o
 .debug_macro   0x0000000000000000      0x16d cache.o
 .debug_macro   0x0000000000000000      0x330 cache.o
 .debug_macro   0x0000000000000000       0x25 cache.o
 .debug_macro   0x0000000000000000      0x118 cache.o
 .debug_macro   0x0000000000000000       0x35 cache.o
 .debug_macro   0x0000000000000000       0x9c cache.o
 .debug_macro   0x0000000000000000       0x10 cache.o
 .debug_macro   0x0000000000000000       0x52 cache.o
 .debug_macro   0x0000000000000000       0x1f cache.o
 .debug_macro   0x0000000000000000       0x43 cache.o
 .debug_macro   0x0000000000000000       0x20 cache.o
 .debug_macro   0x0000000000000000       0x1c cache.o
 .debug_macro   0x0000000000000000       0x52 cache.o
 .debug_macro   0x0000000000000000       0x40 cache.o
 .debug_macro   0x0000000000000000       0x10 cache.o
 .debug_macro   0x0000000000000000       0x40 cache.o
 .debug_macro   0x0000000000000000       0xd7 cache.o
 .debug_macro   0x0000000000000000       0x8e cache.o
 .debug_macro   0x0000000000000000       0x97 cache.o
 .group         0x0000000000000000        0x8 footer.o
 .debug_macro   0x0000000000000000      0x892 footer.o

Memory Configuration

Name             Origin             Length             Attributes
*default*        0x0000000000000000 0xffffffffffffffff

Linker script and memory map

Address of section .text set to 0x800000
LOAD reboot.o
LOAD disp_direct.o
LOAD font_direct.o
LOAD strlen.o
LOAD strcmp.o
LOAD gcc-libgcc.a
LOAD cache.o
LOAD footer.o
                [!provide]                        PROVIDE (__executable_start, 0x8000)
                0x0000000000008000                . = 0x8000

.interp
 *(.interp)

.note.gnu.build-id
 *(.note.gnu.build-id)

.hash
 *(.hash)

.gnu.hash
 *(.gnu.hash)

.dynsym
 *(.dynsym)

.dynstr
 *(.dynstr)

.gnu.version
 *(.gnu.version)

.gnu.version_d
 *(.gnu.version_d)

.gnu.version_r
 *(.gnu.version_r)

.rel.init
 *(.rel.init)

.rela.init
 *(.rela.init)

.rel.text
 *(.rel.text .rel.text.* .rel.gnu.linkonce.t.*)

.rela.text
 *(.rela.text .rela.text.* .rela.gnu.linkonce.t.*)

.rel.fini
 *(.rel.fini)

.rela.fini
 *(.rela.fini)

.rel.rodata
 *(.rel.rodata .rel.rodata.* .rel.gnu.linkonce.r.*)

.rela.rodata
 *(.rela.rodata .rela.rodata.* .rela.gnu.linkonce.r.*)

.rel.data.rel.ro
 *(.rel.data.rel.ro .rel.data.rel.ro.* .rel.gnu.linkonce.d.rel.ro.*)

.rela.data.rel.ro
 *(.rela.data.rel.ro .rela.data.rel.ro.* .rela.gnu.linkonce.d.rel.ro.*)

.rel.data
 *(.rel.data .rel.data.* .rel.gnu.linkonce.d.*)

.rela.data
 *(.rela.data .rela.data.* .rela.gnu.linkonce.d.*)

.rel.tdata
 *(.rel.tdata .rel.tdata.* .rel.gnu.linkonce.td.*)

.rela.tdata
 *(.rela.tdata .rela.tdata.* .rela.gnu.linkonce.td.*)

.rel.tbss
 *(.rel.tbss .rel.tbss.* .rel.gnu.linkonce.tb.*)

.rela.tbss
 *(.rela.tbss .rela.tbss.* .rela.gnu.linkonce.tb.*)

.rel.ctors
 *(.rel.ctors)

.rela.ctors
 *(.rela.ctors)

.rel.dtors
 *(.rel.dtors)

.rela.dtors
 *(.rela.dtors)

.rel.got
 *(.rel.got)

.rela.got
 *(.rela.got)

.rel.bss
 *(.rel.bss .rel.bss.* .rel.gnu.linkonce.b.*)

.rela.bss
 *(.rela.bss .rela.bss.* .rela.gnu.linkonce.b.*)

.rel.iplt       0x0000000000008000        0x0
                [!provide]                        PROVIDE (__rel_iplt_start, .)
 *(.rel.iplt)
 .rel.iplt      0x0000000000008000        0x0 reboot.o
                [!provide]                        PROVIDE (__rel_iplt_end, .)

.rela.iplt      0x0000000000008000        0x0
                [!provide]                        PROVIDE (__rela_iplt_start, .)
 *(.rela.iplt)
                [!provide]                        PROVIDE (__rela_iplt_end, .)

.rel.plt
 *(.rel.plt)

.rela.plt
 *(.rela.plt)

.init
 *(SORT(.init))

.plt
 *(.plt)

.iplt           0x0000000000008000        0x0
 *(.iplt)
 .iplt          0x0000000000008000        0x0 reboot.o

.text           0x0000000000800000    0x73fd4
 *(.text.unlikely .text.*_unlikely .text.unlikely.*)
 *(.text.exit .text.exit.*)
 *(.text.startup .text.startup.*)
 *(.text.hot .text.hot.*)
 *(.text .stub .text.* .gnu.linkonce.t.*)
 .text          0x0000000000800000    0x73ab4 reboot.o
                0x0000000000800000                _start
                0x0000000000800158                blob_start
                0x000000000087386c                blob_end
                0x000000000087386c                cstart
 *fill*         0x0000000000873ab4        0xc 
 .text          0x0000000000873ac0      0x264 disp_direct.o
                0x0000000000873bac                disp_set_pixel
                0x0000000000873be4                disp_init
                0x0000000000873ce0                print_line
 *fill*         0x0000000000873d24        0xc 
 .text          0x0000000000873d30       0xdc font_direct.o
                0x0000000000873d30                font_draw
 .text          0x0000000000873e0c       0x1c strlen.o
                0x0000000000873e0c                strlen
 .text          0x0000000000873e28       0x30 strcmp.o
                0x0000000000873e28                strcoll
                0x0000000000873e28                strcmp
 .text          0x0000000000873e58      0x114 gcc-libgcc.a(_udivsi3.o)
                0x0000000000873e58                __udivsi3
                0x0000000000873e58                __aeabi_uidiv
                0x0000000000873f4c                __aeabi_uidivmod
 .text          0x0000000000873f6c        0x4 gcc-libgcc.a(_dvmd_tls.o)
                0x0000000000873f6c                __aeabi_ldiv0
                0x0000000000873f6c                __aeabi_idiv0
 .text          0x0000000000873f70       0x64 cache.o
                0x0000000000873f70                sync_caches
 .text          0x0000000000873fd4        0x0 footer.o
 *(.gnu.warning)
 *(.glue_7t)
 .glue_7t       0x0000000000873fd4        0x0 linker stubs
 *(.glue_7)
 .glue_7        0x0000000000873fd4        0x0 linker stubs
 *(.vfp11_veneer)
 .vfp11_veneer  0x0000000000873fd4        0x0 linker stubs
 *(.v4_bx)
 .v4_bx         0x0000000000873fd4        0x0 linker stubs

.fini
 *(SORT(.fini))
                [!provide]                        PROVIDE (__etext, .)
                [!provide]                        PROVIDE (_etext, .)
                [!provide]                        PROVIDE (etext, .)

.rodata         0x0000000000873fd4      0x565
 *(.rodata .rodata.* .gnu.linkonce.r.*)
 .rodata.str1.1
                0x0000000000873fd4      0x17d reboot.o
                                        0x17e (size before relaxing)
 *fill*         0x0000000000874151        0x3 
 .rodata        0x0000000000874154       0x40 disp_direct.o
 .rodata.str1.1
                0x0000000000874194       0x45 disp_direct.o
 .rodata        0x00000000008741d9      0x360 font_direct.o

.rodata1
 *(.rodata1)

.ARM.extab
 *(.ARM.extab* .gnu.linkonce.armextab.*)
                [!provide]                        PROVIDE (__exidx_start, .)

.ARM.exidx
 *(.ARM.exidx* .gnu.linkonce.armexidx.*)
                [!provide]                        PROVIDE (__exidx_end, .)

.eh_frame_hdr
 *(.eh_frame_hdr)
 *(.eh_frame_entry .eh_frame_entry.*)

.eh_frame
 *(.eh_frame)
 *(.eh_frame.*)

.gcc_except_table
 *(.gcc_except_table .gcc_except_table.*)

.gnu_extab
 *(.gnu_extab*)

.exception_ranges
 *(.exception_ranges .exception_ranges*)
                0x0000000000874539                . = .

.eh_frame
 *(.eh_frame)
 *(.eh_frame.*)

.gnu_extab
 *(.gnu_extab)

.gcc_except_table
 *(.gcc_except_table .gcc_except_table.*)

.exception_ranges
 *(.exception_ranges .exception_ranges*)

.tdata
 *(.tdata .tdata.* .gnu.linkonce.td.*)

.tbss
 *(.tbss .tbss.* .gnu.linkonce.tb.*)
 *(.tcommon)

.preinit_array  0x0000000000874539        0x0
                [!provide]                        PROVIDE (__preinit_array_start, .)
 *(.preinit_array)
                [!provide]                        PROVIDE (__preinit_array_end, .)

.init_array     0x0000000000874539        0x0
                [!provide]                        PROVIDE (__init_array_start, .)
 *(SORT(.init_array.*))
 *(.init_array)
                [!provide]                        PROVIDE (__init_array_end, .)

.fini_array     0x0000000000874539        0x0
                [!provide]                        PROVIDE (__fini_array_start, .)
 *(SORT(.fini_array.*))
 *(.fini_array)
                [!provide]                        PROVIDE (__fini_array_end, .)

.ctors
 *crtbegin.o(.ctors)
 *crtbegin?.o(.ctors)
 *(EXCLUDE_FILE(*crtend?.o *crtend.o) .ctors)
 *(SORT(.ctors.*))
 *(.ctors)

.dtors
 *crtbegin.o(.dtors)
 *crtbegin?.o(.dtors)
 *(EXCLUDE_FILE(*crtend?.o *crtend.o) .dtors)
 *(SORT(.dtors.*))
 *(.dtors)

.jcr
 *(.jcr)

.data.rel.ro
 *(.data.rel.ro.local* .gnu.linkonce.d.rel.ro.local.*)
 *(.data.rel.ro .data.rel.ro.* .gnu.linkonce.d.rel.ro.*)

.dynamic
 *(.dynamic)

.got            0x000000000087453c        0x0
 *(.got.plt)
 *(.igot.plt)
 .igot.plt      0x000000000087453c        0x0 reboot.o
 *(.got)
 *(.igot)

.data           0x0000000000874540       0x40
                0x0000000000874540                __data_start = .
 *(.data .data.* .gnu.linkonce.d.*)
 .data          0x0000000000874540        0x0 reboot.o
 .data          0x0000000000874540        0x8 disp_direct.o
 .data          0x0000000000874548        0x0 font_direct.o
 .data          0x0000000000874548        0x0 strlen.o
 .data          0x0000000000874548        0x0 strcmp.o
 .data          0x0000000000874548        0x0 gcc-libgcc.a(_udivsi3.o)
 .data          0x0000000000874548        0x0 gcc-libgcc.a(_dvmd_tls.o)
 .data          0x0000000000874548        0x0 cache.o
 *fill*         0x0000000000874548       0x18 
 .data          0x0000000000874560       0x20 footer.o
                0x0000000000874578                autoexec_bin_footer
                0x0000000000874580                autoexec_bin_checksum_end

.data1
 *(.data1)
                0x0000000000874580                _edata = .
                [!provide]                        PROVIDE (edata, .)
                0x0000000000874580                . = .
                0x0000000000874580                __bss_start = .
                0x0000000000874580                __bss_start__ = .

.bss            0x0000000000874580        0x0
 *(.dynbss)
 *(.bss .bss.* .gnu.linkonce.b.*)
 .bss           0x0000000000874580        0x0 reboot.o
 .bss           0x0000000000874580        0x0 disp_direct.o
 .bss           0x0000000000874580        0x0 font_direct.o
 .bss           0x0000000000874580        0x0 strlen.o
 .bss           0x0000000000874580        0x0 strcmp.o
 .bss           0x0000000000874580        0x0 gcc-libgcc.a(_udivsi3.o)
 .bss           0x0000000000874580        0x0 gcc-libgcc.a(_dvmd_tls.o)
 .bss           0x0000000000874580        0x0 cache.o
 .bss           0x0000000000874580        0x0 footer.o
 *(COMMON)
                0x0000000000874580                . = ALIGN ((. != 0x0)?0x4:0x1)
                0x0000000000874580                _bss_end__ = .
                0x0000000000874580                __bss_end__ = .
                0x0000000000874580                . = ALIGN (0x4)
                0x0000000000874580                . = SEGMENT_START ("ldata-segment", .)
                0x0000000000874580                . = ALIGN (0x4)
                0x0000000000874580                __end__ = .
                0x0000000000874580                _end = .
                [!provide]                        PROVIDE (end, .)

.stab
 *(.stab)

.stabstr
 *(.stabstr)

.stab.excl
 *(.stab.excl)

.stab.exclstr
 *(.stab.exclstr)

.stab.index
 *(.stab.index)

.stab.indexstr
 *(.stab.indexstr)

.comment        0x0000000000000000       0x6e
 *(.comment)
 .comment       0x0000000000000000       0x6e reboot.o
                                         0x6f (size before relaxing)
 .comment       0x000000000000006e       0x6f disp_direct.o
 .comment       0x000000000000006e       0x6f font_direct.o
 .comment       0x000000000000006e       0x6f cache.o
 .comment       0x000000000000006e       0x6f footer.o

.debug
 *(.debug)

.line
 *(.line)

.debug_srcinfo
 *(.debug_srcinfo)

.debug_sfnames
 *(.debug_sfnames)

.debug_aranges  0x0000000000000000       0x98
 *(.debug_aranges)
 .debug_aranges
                0x0000000000000000       0x20 reboot.o
 .debug_aranges
                0x0000000000000020       0x20 disp_direct.o
 .debug_aranges
                0x0000000000000040       0x20 font_direct.o
 .debug_aranges
                0x0000000000000060       0x20 cache.o
 .debug_aranges
                0x0000000000000080       0x18 footer.o

.debug_pubnames
 *(.debug_pubnames)

.debug_info     0x0000000000000000     0x10e6
 *(.debug_info .gnu.linkonce.wi.*)
 .debug_info    0x0000000000000000      0x660 reboot.o
 .debug_info    0x0000000000000660      0x5a6 disp_direct.o
 .debug_info    0x0000000000000c06      0x293 font_direct.o
 .debug_info    0x0000000000000e99      0x22c cache.o
 .debug_info    0x00000000000010c5       0x21 footer.o

.debug_abbrev   0x0000000000000000      0x6e0
 *(.debug_abbrev)
 .debug_abbrev  0x0000000000000000      0x21a reboot.o
 .debug_abbrev  0x000000000000021a      0x258 disp_direct.o
 .debug_abbrev  0x0000000000000472      0x145 font_direct.o
 .debug_abbrev  0x00000000000005b7      0x116 cache.o
 .debug_abbrev  0x00000000000006cd       0x13 footer.o

.debug_line     0x0000000000000000     0x105c
 *(.debug_line .debug_line.* .debug_line_end)
 .debug_line    0x0000000000000000      0x465 reboot.o
 .debug_line    0x0000000000000465      0x436 disp_direct.o
 .debug_line    0x000000000000089b      0x436 font_direct.o
 .debug_line    0x0000000000000cd1      0x358 cache.o
 .debug_line    0x0000000000001029       0x33 footer.o

.debug_frame    0x0000000000000000      0x140
 *(.debug_frame)
 .debug_frame   0x0000000000000000       0x28 reboot.o
 .debug_frame   0x0000000000000028       0x9c disp_direct.o
 .debug_frame   0x00000000000000c4       0x3c font_direct.o
 .debug_frame   0x0000000000000100       0x20 gcc-libgcc.a(_udivsi3.o)
 .debug_frame   0x0000000000000120       0x20 cache.o

.debug_str      0x0000000000000000     0xa946
 *(.debug_str)
 .debug_str     0x0000000000000000     0x9e96 reboot.o
                                       0xa10b (size before relaxing)
 .debug_str     0x0000000000009e96      0x1e5 disp_direct.o
                                       0x8fc6 (size before relaxing)
 .debug_str     0x000000000000a07b      0x86b font_direct.o
                                       0x967d (size before relaxing)
 .debug_str     0x000000000000a8e6       0x4d cache.o
                                       0x6dce (size before relaxing)
 .debug_str     0x000000000000a933       0x13 footer.o
                                       0x254c (size before relaxing)

.debug_loc      0x0000000000000000      0x6ab
 *(.debug_loc)
 .debug_loc     0x0000000000000000      0x11e reboot.o
 .debug_loc     0x000000000000011e      0x370 disp_direct.o
 .debug_loc     0x000000000000048e      0x1cd font_direct.o
 .debug_loc     0x000000000000065b       0x50 cache.o

.debug_macinfo
 *(.debug_macinfo)

.debug_weaknames
 *(.debug_weaknames)

.debug_funcnames
 *(.debug_funcnames)

.debug_typenames
 *(.debug_typenames)

.debug_varnames
 *(.debug_varnames)

.debug_pubtypes
 *(.debug_pubtypes)

.debug_ranges   0x0000000000000000      0x148
 *(.debug_ranges)
 .debug_ranges  0x0000000000000000       0x18 reboot.o
 .debug_ranges  0x0000000000000018       0xc0 disp_direct.o
 .debug_ranges  0x00000000000000d8       0x70 font_direct.o

.debug_macro    0x0000000000000000     0x2e7c
 *(.debug_macro)
 .debug_macro   0x0000000000000000      0x244 reboot.o
 .debug_macro   0x0000000000000244      0x892 reboot.o
 .debug_macro   0x0000000000000ad6       0x3a reboot.o
 .debug_macro   0x0000000000000b10       0x10 reboot.o
 .debug_macro   0x0000000000000b20       0x22 reboot.o
 .debug_macro   0x0000000000000b42       0x87 reboot.o
 .debug_macro   0x0000000000000bc9       0x44 reboot.o
 .debug_macro   0x0000000000000c0d       0xfd reboot.o
 .debug_macro   0x0000000000000d0a       0x5e reboot.o
 .debug_macro   0x0000000000000d68      0x1df reboot.o
 .debug_macro   0x0000000000000f47       0x52 reboot.o
 .debug_macro   0x0000000000000f99      0x16d reboot.o
 .debug_macro   0x0000000000001106      0x330 reboot.o
 .debug_macro   0x0000000000001436       0x25 reboot.o
 .debug_macro   0x000000000000145b      0x118 reboot.o
 .debug_macro   0x0000000000001573       0x35 reboot.o
 .debug_macro   0x00000000000015a8       0x9c reboot.o
 .debug_macro   0x0000000000001644       0x10 reboot.o
 .debug_macro   0x0000000000001654       0x52 reboot.o
 .debug_macro   0x00000000000016a6       0x1f reboot.o
 .debug_macro   0x00000000000016c5       0x43 reboot.o
 .debug_macro   0x0000000000001708       0x20 reboot.o
 .debug_macro   0x0000000000001728       0x1c reboot.o
 .debug_macro   0x0000000000001744       0x52 reboot.o
 .debug_macro   0x0000000000001796       0x40 reboot.o
 .debug_macro   0x00000000000017d6       0x10 reboot.o
 .debug_macro   0x00000000000017e6       0x40 reboot.o
 .debug_macro   0x0000000000001826       0xd7 reboot.o
 .debug_macro   0x00000000000018fd       0x8e reboot.o
 .debug_macro   0x000000000000198b       0x97 reboot.o
 .debug_macro   0x0000000000001a22      0x395 reboot.o
 .debug_macro   0x0000000000001db7       0x22 reboot.o
 .debug_macro   0x0000000000001dd9       0xf1 reboot.o
 .debug_macro   0x0000000000001eca      0x2a1 reboot.o
 .debug_macro   0x000000000000216b       0x88 reboot.o
 .debug_macro   0x00000000000021f3       0xc4 reboot.o
 .debug_macro   0x00000000000022b7       0x52 reboot.o
 .debug_macro   0x0000000000002309      0x187 reboot.o
 .debug_macro   0x0000000000002490       0x10 reboot.o
 .debug_macro   0x00000000000024a0       0x35 reboot.o
 .debug_macro   0x00000000000024d5      0x1f8 disp_direct.o
 .debug_macro   0x00000000000026cd       0x4c disp_direct.o
 .debug_macro   0x0000000000002719       0x8d disp_direct.o
 .debug_macro   0x00000000000027a6       0x4a disp_direct.o
 .debug_macro   0x00000000000027f0       0x16 disp_direct.o
 .debug_macro   0x0000000000002806       0x2b disp_direct.o
 .debug_macro   0x0000000000002831      0x261 font_direct.o
 .debug_macro   0x0000000000002a92       0x16 font_direct.o
 .debug_macro   0x0000000000002aa8       0x16 font_direct.o
 .debug_macro   0x0000000000002abe       0x29 font_direct.o
 .debug_macro   0x0000000000002ae7       0x1c font_direct.o
 .debug_macro   0x0000000000002b03       0x10 font_direct.o
 .debug_macro   0x0000000000002b13       0x16 font_direct.o
 .debug_macro   0x0000000000002b29      0x18b font_direct.o
 .debug_macro   0x0000000000002cb4      0x1a5 cache.o
 .debug_macro   0x0000000000002e59       0x23 footer.o

.stack          0x0000000000080000        0x0
                0x0000000000080000                _stack = .
 *(.stack)

.ARM.attributes
                0x0000000000000000       0x29
 *(.ARM.attributes)
 .ARM.attributes
                0x0000000000000000       0x27 reboot.o
 .ARM.attributes
                0x0000000000000027       0x27 disp_direct.o
 .ARM.attributes
                0x000000000000004e       0x27 font_direct.o
 .ARM.attributes
                0x0000000000000075       0x14 strlen.o
 .ARM.attributes
                0x0000000000000089       0x30 strcmp.o
 .ARM.attributes
                0x00000000000000b9       0x18 gcc-libgcc.a(_udivsi3.o)
 .ARM.attributes
                0x00000000000000d1       0x18 gcc-libgcc.a(_dvmd_tls.o)
 .ARM.attributes
                0x00000000000000e9       0x27 cache.o
 .ARM.attributes
                0x0000000000000110       0x27 footer.o
 *(.gnu.attributes)

.note.gnu.arm.ident
 *(.note.gnu.arm.ident)

/DISCARD/
 *(.note.GNU-stack)
 *(.gnu_debuglink)
 *(.gnu.lto_*)
OUTPUT(autoexec elf32-littlearm)

Cross Reference Table

Symbol                                            File
__aeabi_idiv0                                     gcc-libgcc.a(_dvmd_tls.o)
                                                  gcc-libgcc.a(_udivsi3.o)
__aeabi_ldiv0                                     gcc-libgcc.a(_dvmd_tls.o)
__aeabi_uidiv                                     gcc-libgcc.a(_udivsi3.o)
                                                  font_direct.o
__aeabi_uidivmod                                  gcc-libgcc.a(_udivsi3.o)
__udivsi3                                         gcc-libgcc.a(_udivsi3.o)
_start                                            reboot.o
autoexec_bin_checksum_end                         footer.o
                                                  reboot.o
autoexec_bin_footer                               footer.o
                                                  reboot.o
blob_end                                          reboot.o
blob_start                                        reboot.o
cstart                                            reboot.o
disp_init                                         disp_direct.o
                                                  reboot.o
disp_set_pixel                                    disp_direct.o
                                                  font_direct.o
font_draw                                         font_direct.o
                                                  disp_direct.o
print_line                                        disp_direct.o
                                                  reboot.o
strcmp                                            strcmp.o
                                                  disp_direct.o
strcoll                                           strcmp.o
strlen                                            strlen.o
                                                  font_direct.o
sync_caches                                       cache.o
                                                  reboot.o
