Archive member included to satisfy reference by file (symbol)

dietlibc.a(strrchr.o)         ../../tcc/libtccx.o (strrchr)
dietlibc.a(strncpy.o)         fio-ml.o (strncpy)
dietlibc.a(strlen.o)          fio-ml.o (strlen)
dietlibc.a(strncmp.o)         fio-ml.o (strncmp)
dietlibc.a(strcpy.o)          backtrace.o (strcpy)
dietlibc.a(strcmp.o)          rbf_font.o (strcmp)
dietlibc.a(strcasecmp.o)      (strcasecmp)
dietlibc.a(strtoull.o)        ../../tcc/libtccx.o (strtoull)
dietlibc.a(strtol.o)          menu.o (strtol)
dietlibc.a(strtoul.o)         ../../tcc/libtccx.o (strtoul)
dietlibc.a(strchr.o)          fio-ml.o (strchr)
dietlibc.a(strstr.o)          (strstr)
dietlibc.a(memcmp.o)          ../../tcc/libtccx.o (memcmp)
dietlibc.a(memmove.o)         (memmove)
dietlibc.a(atol.o)            config.o (atoi)
dietlibc.a(errno.o)           dietlibc.a(strtoull.o) (errno)
dietlibc.a(errno_location.o)  dietlibc.a(strtol.o) (__errno_location)
newlib-libc.a(lib_a-setjmp.o)
                              ../../tcc/libtccx.o (longjmp)
newlib-libc.a(lib_a-memcpy-stub.o)
                              boot-hack.o (memcpy)
newlib-libc.a(lib_a-memccpy.o)
                              dietlibc.a(strncpy.o) (memccpy)
newlib-libc.a(lib_a-memset.o)
                              mem.o (memset)
newlib-libm.a(lib_a-sf_ceil.o)
                              (ceilf)
newlib-libm.a(lib_a-sf_cos.o)
                              electronic_level.o (cosf)
newlib-libm.a(lib_a-sf_frexp.o)
                              (frexpf)
newlib-libm.a(lib_a-sf_log2.o)
                              (log2f)
newlib-libm.a(lib_a-sf_round.o)
                              menu.o (roundf)
newlib-libm.a(lib_a-sf_sin.o)
                              electronic_level.o (sinf)
newlib-libm.a(lib_a-sf_tan.o)
                              (tanf)
newlib-libm.a(lib_a-wf_acos.o)
                              (acosf)
newlib-libm.a(lib_a-wf_asin.o)
                              (asinf)
newlib-libm.a(lib_a-wf_atan2.o)
                              (atan2f)
newlib-libm.a(lib_a-wf_exp.o)
                              (expf)
newlib-libm.a(lib_a-wf_fmod.o)
                              (fmodf)
newlib-libm.a(lib_a-wf_log10.o)
                              (log10f)
newlib-libm.a(lib_a-wf_log.o)
                              newlib-libm.a(lib_a-sf_log2.o) (logf)
newlib-libm.a(lib_a-wf_pow.o)
                              menu.o (powf)
newlib-libm.a(lib_a-wf_sqrt.o)
                              focus.o (sqrtf)
newlib-libm.a(lib_a-ef_acos.o)
                              newlib-libm.a(lib_a-wf_acos.o) (__ieee754_acosf)
newlib-libm.a(lib_a-ef_asin.o)
                              newlib-libm.a(lib_a-wf_asin.o) (__ieee754_asinf)
newlib-libm.a(lib_a-ef_atan2.o)
                              newlib-libm.a(lib_a-wf_atan2.o) (__ieee754_atan2f)
newlib-libm.a(lib_a-ef_exp.o)
                              newlib-libm.a(lib_a-wf_exp.o) (__ieee754_expf)
newlib-libm.a(lib_a-ef_fmod.o)
                              newlib-libm.a(lib_a-wf_fmod.o) (__ieee754_fmodf)
newlib-libm.a(lib_a-ef_log10.o)
                              newlib-libm.a(lib_a-wf_log10.o) (__ieee754_log10f)
newlib-libm.a(lib_a-ef_log.o)
                              newlib-libm.a(lib_a-wf_log.o) (__ieee754_logf)
newlib-libm.a(lib_a-ef_pow.o)
                              newlib-libm.a(lib_a-wf_pow.o) (__ieee754_powf)
newlib-libm.a(lib_a-ef_rem_pio2.o)
                              newlib-libm.a(lib_a-sf_cos.o) (__ieee754_rem_pio2f)
newlib-libm.a(lib_a-ef_sqrt.o)
                              newlib-libm.a(lib_a-wf_sqrt.o) (__ieee754_sqrtf)
newlib-libm.a(lib_a-kf_cos.o)
                              newlib-libm.a(lib_a-sf_cos.o) (__kernel_cosf)
newlib-libm.a(lib_a-kf_rem_pio2.o)
                              newlib-libm.a(lib_a-ef_rem_pio2.o) (__kernel_rem_pio2f)
newlib-libm.a(lib_a-kf_sin.o)
                              newlib-libm.a(lib_a-sf_cos.o) (__kernel_sinf)
newlib-libm.a(lib_a-kf_tan.o)
                              newlib-libm.a(lib_a-sf_tan.o) (__kernel_tanf)
newlib-libm.a(lib_a-sf_atan.o)
                              newlib-libm.a(lib_a-ef_atan2.o) (atanf)
newlib-libm.a(lib_a-sf_fabs.o)
                              newlib-libm.a(lib_a-wf_acos.o) (fabsf)
newlib-libm.a(lib_a-sf_finite.o)
                              newlib-libm.a(lib_a-wf_exp.o) (finitef)
newlib-libm.a(lib_a-sf_floor.o)
                              newlib-libm.a(lib_a-kf_rem_pio2.o) (floorf)
newlib-libm.a(lib_a-sf_fpclassify.o)
                              newlib-libm.a(lib_a-wf_acos.o) (__fpclassifyf)
newlib-libm.a(lib_a-sf_nan.o)
                              newlib-libm.a(lib_a-ef_pow.o) (nanf)
newlib-libm.a(lib_a-sf_scalbn.o)
                              newlib-libm.a(lib_a-ef_pow.o) (scalbnf)
newlib-libm.a(lib_a-s_lib_ver.o)
                              newlib-libm.a(lib_a-wf_acos.o) (__fdlib_version)
newlib-libm.a(lib_a-s_matherr.o)
                              newlib-libm.a(lib_a-wf_acos.o) (matherr)
[...]
Memory Configuration

Name             Origin             Length             Attributes
*default*        0x0000000000000000 0xffffffffffffffff

Linker script and memory map

                0x0000000000069500                . = 0x69500

.text           0x0000000000069500    0x57ab0
                0x0000000000069500                _text_start = .
 *(.text)
 .text          0x0000000000069500        0x4 entry.o
                0x0000000000069500                _start
 .text          0x0000000000069504        0x0 ../../platform/5D3.123/stubs.o
 .text          0x0000000000069504        0x0 version.o
 *fill*         0x0000000000069504        0xc 
 .text          0x0000000000069510      0x37c backtrace.o
                0x0000000000069510                eos_backtrace_rebuild
                0x0000000000069850                backtrace_print
                0x0000000000069878                backtrace_getstr
 *fill*         0x000000000006988c        0x4 
 .text          0x0000000000069890      0x848 boot-hack.o
                0x0000000000069d30                copy_and_restart
                0x0000000000069fc4                magic_is_off
                0x0000000000069fd4                _disable_ml_startup
                0x0000000000069fe8                hold_your_horses
                0x000000000006a010                get_assert_msg
                0x000000000006a01c                ml_assert_handler
                0x000000000006a0ac                ml_crash_message
 *fill*         0x000000000006a0d8        0x8 
 .text          0x000000000006a0e0      0xec4 fio-ml.o
                0x000000000006a3cc                get_ml_card
                0x000000000006a3dc                get_shooting_card
                0x000000000006a3ec                get_card
                0x000000000006a42c                get_free_space_32k
                0x000000000006a450                get_dcim_dir_suffix
                0x000000000006a45c                get_dcim_dir
                0x000000000006a4a8                FIO_OpenFile
                0x000000000006a4dc                FIO_GetFileSize
                0x000000000006a508                FIO_RemoveFile
                0x000000000006a52c                FIO_FindFirstEx
                0x000000000006a558                FIO_GetFileSize_direct
                0x000000000006a58c                FIO_ReadFile
                0x000000000006a68c                FIO_WriteFile
                0x000000000006a6bc                is_file
                0x000000000006a6e0                is_dir
                0x000000000006a70c                _find_ml_card
                0x000000000006a7d0                FIO_CreateDirectory
                0x000000000006a878                FIO_CreateFile
                0x000000000006a8fc                FIO_CreateFileOrAppend
                0x000000000006a948                FIO_CopyFile
                0x000000000006aa20                FIO_MoveFile
                0x000000000006aa44                FIO_RenameFile
                0x000000000006ac80                _card_tweaks
                0x000000000006ad44                get_numbered_file_name
                0x000000000006adc4                dump_seg
                0x000000000006adf8                dump_big_seg
                0x000000000006ae70                read_file
                0x000000000006aeb4                read_entire_file
                0x000000000006af48                my_fprintf
 *fill*         0x000000000006afa4        0xc 
 .text          0x000000000006afb0     0x2338 mem.o
                0x000000000006afb8                GetFreeMemForMalloc
                0x000000000006b174                GetFreeMemForAllocateMemory
                0x000000000006b90c                __priv_malloc
                0x000000000006b910                __priv_free
                0x000000000006b914                __priv_AllocateMemory
                0x000000000006b918                __priv_FreeMemory
                0x000000000006b91c                __priv_alloc_dma_memory
                0x000000000006b920                __priv_free_dma_memory
                0x000000000006b924                __priv_shoot_malloc
                0x000000000006b928                __priv_shoot_free
                0x000000000006b92c                format_memory_size
                0x000000000006cc94                __mem_malloc
                0x000000000006cf7c                __mem_free
                0x000000000006d178                shoot_malloc_suite
                0x000000000006d1b0                shoot_free_suite
                0x000000000006d1e0                srm_malloc_suite
                0x000000000006d218                srm_free_suite
                0x000000000006d248                shoot_malloc_suite_contig
                0x000000000006d280                _mem_init
                0x000000000006d2d0                mem_menu_init
 *fill*         0x000000000006d2e8        0x8 
 .text          0x000000000006d2f0        0x0 ico.o
 .text          0x000000000006d2f0      0x588 edmac.o
                0x000000000006d2f8                edmac_index_to_channel
                0x000000000006d338                edmac_get_dir
                0x000000000006d370                edmac_channel_to_index
                0x000000000006d40c                edmac_get_base
                0x000000000006d458                edmac_get_channel
                0x000000000006d4b4                edmac_get_state
                0x000000000006d4d4                edmac_get_flags
                0x000000000006d4f8                edmac_get_address
                0x000000000006d51c                edmac_get_pointer
                0x000000000006d53c                edmac_get_length
                0x000000000006d560                edmac_get_connection
                0x000000000006d618                edmac_fix_off1
                0x000000000006d624                edmac_fix_off2
                0x000000000006d628                edmac_get_info
                0x000000000006d748                edmac_get_total_size
                0x000000000006d7dc                edmac_bytes_per_transfer
 *fill*         0x000000000006d878        0x8 
 .text          0x000000000006d880     0x8480 menu.o
                0x000000000006dc08                menu_open_submenu
                0x0000000000070c3c                get_menu_edit_mode
                0x0000000000070c4c                menu_set_dirty
                0x0000000000070c60                menu_enable_lv_transparent_mode
                0x0000000000070c8c                menu_disable_lv_transparent_mode
                0x0000000000070ca0                menu_get_root
                0x0000000000070cb0                menu_numeric_toggle
                0x0000000000070d38                menu_numeric_toggle_time
                0x0000000000071080                menu_add
                0x00000000000710c0                customize_menu_init
                0x0000000000071150                menu_remove
                0x0000000000071324                menu_redraw
                0x0000000000071384                menu_redraw_flood
                0x0000000000071430                handle_ml_menu_keyrepeat
                0x0000000000071490                keyrepeat_ack
                0x00000000000714b0                menu_init
                0x0000000000071654                gui_menu_shown
                0x0000000000071664                is_submenu_or_edit_mode_active
                0x00000000000716a0                is_menu_help_active
                0x00000000000716c8                menu_active_but_hidden
                0x00000000000716f0                menu_active_and_not_hidden
                0x0000000000071738                gui_stop_menu
                0x0000000000071c60                run_in_separate_task
                0x0000000000071cc0                gui_open_menu
                0x0000000000071ce4                is_menu_entry_selected
                0x0000000000071d3c                is_menu_selected
                0x0000000000071d74                is_menu_active
                0x0000000000073548                select_menu
                0x00000000000735bc                select_menu_by_name
                0x00000000000742b4                menu_benchmark
                0x0000000000074428                handle_ml_menu_erase
                0x00000000000744c8                handle_longpress_events
                0x00000000000744d0                menu_close_submenu
                0x00000000000744f8                menu_toggle_submenu
                0x0000000000074b4c                handle_ml_menu_keys
                0x000000000007534c                handle_quick_access_menu_items
                0x00000000000753e0                config_menu_save_flags
                0x00000000000755e4                menu_get_value_from_script
                0x000000000007563c                menu_get_str_value_from_script
                0x0000000000075684                menu_set_str_value_from_script
                0x0000000000075ac0                menu_set_value_from_script
                0x0000000000075bb0                menu_request_image_backend
                0x0000000000075c4c                menu_advanced_toggle
                0x0000000000075c7c                menu_advanced_update
 .text          0x0000000000075d00      0xea4 debug.o
                0x0000000000076428                _card_led_on
                0x0000000000076440                _card_led_off
                0x0000000000076458                info_led_on
                0x0000000000076470                info_led_off
                0x0000000000076488                info_led_blink
                0x00000000000767e4                scan_A5A5
                0x0000000000076930                request_crash_log
                0x0000000000076940                request_core_dump
                0x000000000007695c                menu_kill_flicker
                0x000000000007696c                debug_init
                0x0000000000076970                debug_init_stuff
                0x0000000000076974                debug_menu_init
                0x00000000000769bc                spy_event
                0x0000000000076a1c                get_halfshutter_pressed
                0x0000000000076adc                get_zoom_out_pressed
                0x0000000000076ae4                handle_buttons_being_held
                0x0000000000076aec                handle_tricky_canon_calls
                0x0000000000076b64                EngDrvOut
                0x0000000000076b8c                engio_write
 *fill*         0x0000000000076ba4        0xc 
 .text          0x0000000000076bb0      0x160 rand.o
                0x0000000000076bb0                rand_fill
                0x0000000000076c90                rand_seed
 .text          0x0000000000076d10      0x158 posix.o
                0x0000000000076d10                rand
                0x0000000000076d38                srand
                0x0000000000076d3c                strdup
                0x0000000000076d6c                time
                0x0000000000076d74                clock
                0x0000000000076d78                calloc
                0x0000000000076db4                realloc
                0x0000000000076e00                strlcat
                0x0000000000076e50                strcat
 *fill*         0x0000000000076e68        0x8 
 .text          0x0000000000076e70       0xe4 util.o
                0x0000000000076e70                util_atomic_inc
                0x0000000000076ea4                util_atomic_dec
                0x0000000000076ed8                bin_search
 *fill*         0x0000000000076f54        0xc 
 .text          0x0000000000076f60       0x98 imath.o
                0x0000000000076f60                powi
                0x0000000000076f8c                log2i
                0x0000000000076fa4                log10i
                0x0000000000076fc8                log_length
 *fill*         0x0000000000076ff8        0x8 
 .text          0x0000000000077000      0x4c4 electronic_level.o
                0x00000000000773d8                disable_electronic_level
                0x0000000000077404                show_electronic_level
 *fill*         0x00000000000774c4        0xc 
 .text          0x00000000000774d0      0x124 cfn.o
                0x0000000000077554                get_alo
                0x0000000000077568                get_htp
                0x0000000000077578                get_mlu
                0x0000000000077588                set_mlu
                0x00000000000775b8                cfn_get_af_button_assignment
                0x00000000000775c8                cfn_set_af_button
 *fill*         0x00000000000775f4        0xc 
 .text          0x0000000000077600      0x10c gui.o
                0x0000000000077600                ml_gui_main_task
 *fill*         0x000000000007770c        0x4 
 .text          0x0000000000077710      0x260 picstyle.o
                0x00000000000777d8                get_prop_picstyle_from_index
                0x0000000000077890                get_prop_picstyle_index
 .text          0x0000000000077970      0xbd4 exmem.o
                0x0000000000077d38                GetNumberOfChunks
                0x0000000000077d80                GetSizeOfMemorySuite
                0x0000000000077dc8                GetSizeOfMemoryChunk
                0x0000000000077e10                _shoot_free_suite
                0x0000000000077e4c                exmem_save_buffer
                0x0000000000077ecc                exmem_clear
                0x0000000000077f30                _shoot_malloc_suite
                0x0000000000077fac                _shoot_malloc_suite_contig
                0x0000000000078118                _shoot_malloc
                0x0000000000078144                _shoot_free
                0x0000000000078184                _shoot_get_free_space
                0x00000000000781ac                _srm_malloc_suite
                0x00000000000782c0                _srm_free_suite
                0x00000000000783c4                _srm_free
                0x0000000000078410                _srm_malloc
                0x0000000000078488                _srm_get_max_region
                0x00000000000784e4                _srm_get_free_space
 *fill*         0x0000000000078544        0xc 
 .text          0x0000000000078550     0x1a90 bmp.o
                0x00000000000786b4                BMP_VRAM_START
                0x0000000000078764                bmp_vram_real
                0x0000000000078784                bmp_vram_idle
                0x0000000000078794                bmp_draw_to_idle
                0x00000000000787a4                bmp_vram
                0x00000000000787c0                bmp_idle_copy
                0x00000000000788c0                bmp_putpixel_fast
                0x00000000000788d0                bmp_puts
                0x0000000000078968                bmp_printf
                0x00000000000789bc                big_bmp_printf
                0x0000000000078a3c                bmp_string_width
                0x0000000000078a5c                bmp_strlen_clipped
                0x0000000000078a7c                bmp_fill
                0x0000000000078b2c                bmp_load_ram
                0x0000000000078e68                bmp_load
                0x0000000000078f2c                clrscr
                0x0000000000078f70                bmp_getpixel
                0x0000000000078fe4                bmp_putpixel
                0x0000000000079048                bmp_draw_rect
                0x00000000000790e8                bmp_draw_rect_chamfer
                0x0000000000079288                bmp_draw_request_stop
                0x000000000007929c                bmp_draw_scaled_ex
                0x00000000000798e0                bfnt_draw_char
                0x0000000000079a58                bfnt_char_get_width
                0x0000000000079aa8                bmp_flip
                0x0000000000079be8                bmp_flip_ex
                0x0000000000079d9c                bmp_is_on
                0x0000000000079db4                bmp_on
                0x0000000000079e0c                bmp_off
                0x0000000000079e64                bmp_mute_flag_reset
                0x0000000000079e7c                bmp_zoom
 .text          0x0000000000079fe0      0xf18 rbf_font.o
                0x000000000007a4c8                font_by_name
                0x000000000007a7f4                rbf_str_width
                0x000000000007a840                rbf_str_clipped_width
                0x000000000007a874                rbf_strlen_clipped
                0x000000000007a8b0                rbf_draw_string
                0x000000000007adb8                _load_fonts
 *fill*         0x000000000007aef8        0x8 
 .text          0x000000000007af00      0x378 stdio.o
                0x000000000007af00                streq
                0x000000000007af98                toupper
                0x000000000007afa8                tolower
                0x000000000007afb8                __errno
                0x000000000007afc4                islower
                0x000000000007afd8                isupper
                0x000000000007afec                isalpha
                0x000000000007b004                isdigit
                0x000000000007b018                isxdigit
                0x000000000007b038                isalnum
                0x000000000007b068                ispunct
                0x000000000007b088                isgraph
                0x000000000007b0b8                isspace
                0x000000000007b0d8                iscntrl
                0x000000000007b0f8                snprintf
                0x000000000007b124                memset64
                0x000000000007b1bc                memcpy64
 *fill*         0x000000000007b278        0x8 
 .text          0x000000000007b280       0x18 movie_menu_raw_only.o
 *fill*         0x000000000007b298        0x8 
 .text          0x000000000007b2a0     0x10bc config.o
                0x000000000007b974                config_save_file
                0x000000000007baec                config_flag_file_setting_load
                0x000000000007bb08                config_flag_file_setting_save
                0x000000000007bbcc                config_parse_file
                0x000000000007bcc4                get_config_var
                0x000000000007bce4                set_config_var
                0x000000000007bcfc                set_config_var_ptr
                0x000000000007bd3c                config_var_was_changed
                0x000000000007bd64                config_var_restore_default
                0x000000000007bd84                module_config_load
                0x000000000007bde8                module_config_save
                0x000000000007bf10                get_config_dir
                0x000000000007bf1c                get_config_preset_name
                0x000000000007bf2c                handle_select_config_file_by_key_at_startup
                0x000000000007bf90                config_load
                0x000000000007c288                config_save
                0x000000000007c30c                config_save_at_shutdown
 *fill*         0x000000000007c35c        0x4 
 .text          0x000000000007c360      0x22c bitrate-5d3.o
                0x000000000007c360                bitrate_init
                0x000000000007c504                hibr_should_record_wav
                0x000000000007c50c                bitrate_set
                0x000000000007c538                bitrate_mvr_log
                0x000000000007c53c                measure_bitrate
                0x000000000007c584                is_mvr_buffer_almost_full
 *fill*         0x000000000007c58c        0x4 
 .text          0x000000000007c590        0x0 lcdsensor.o
 .text          0x000000000007c590     0x3890 tweaks.o
                0x000000000007cec4                get_expsim
                0x000000000007d040                set_expsim
                0x000000000007d098                set_backlight_level
                0x000000000007d0c8                afframe_set_dirty
                0x000000000007d0dc                afframe_clr_dirty
                0x000000000007d0f0                clear_lv_afframe
                0x000000000007d388                clear_lv_afframe_if_dirty
                0x000000000007d3f4                handle_set_wheel_play
                0x000000000007d5f0                handle_fast_zoom_box
                0x000000000007d6fc                handle_push_wb
                0x000000000007d784                handle_arrow_keys
                0x000000000007da9c                arrow_keys_shortcuts_active
                0x000000000007dadc                display_shortcut_key_hints_lv
                0x000000000007e000                zoom_trick_step
                0x000000000007e144                handle_zoom_trick_event
                0x000000000007e1c4                handle_upside_down
                0x000000000007e2d4                alter_bitmap_palette_entry
                0x000000000007ee7c                anamorphic_squeeze_bmp_y
                0x000000000007ef88                defish_draw_play
                0x000000000007f3e4                display_filter_get_buffers
                0x000000000007f6e8                display_filter_enabled
                0x000000000007f794                display_filter_lv_vsync
                0x000000000007f828                display_filter_step
 .text          0x000000000007fe20        0x0 tweaks-eyefi.o
 .text          0x000000000007fe20     0x525c lens.o
                0x0000000000080f40                lens_format_dist
                0x000000000008108c                should_draw_bottom_bar
                0x00000000000810f4                raw2shutter_ms
                0x0000000000081148                shutter_ms_to_raw
                0x0000000000081194                shutterf_to_raw
                0x00000000000811e0                raw2shutterf
                0x0000000000081220                expo_value_rounding_ok
                0x0000000000081278                round_shutter
                0x000000000008132c                round_aperture
                0x0000000000081428                round_expo_comp
                0x00000000000814b4                lens_set_ae
                0x00000000000814fc                round_flash_expo_comp
                0x0000000000081588                lens_set_flash_ae
                0x00000000000815d0                get_shootmode_name
                0x00000000000817c0                get_shootmode_name_short
                0x0000000000081a84                get_ml_topbar_pos
                0x0000000000081b68                get_ml_bottombar_pos
                0x0000000000081c08                draw_ml_bottombar
                0x0000000000081c28                lens_format_shutter_reciprocal
                0x0000000000081ed0                lens_format_shutter
                0x0000000000082074                free_space_show_photomode
                0x00000000000820f0                draw_ml_topbar
                0x0000000000082110                update_lens_display
                0x0000000000082134                lens_focus
                0x0000000000082310                mlu_lock_mirror_if_needed
                0x0000000000082430                raw2index_iso
                0x0000000000082464                raw2iso
                0x00000000000825b4                lens_format_iso
                0x0000000000082a70                val2raw_iso
                0x0000000000082ab4                raw2index_shutter
                0x0000000000082ae8                val2raw_shutter
                0x0000000000082b24                raw2index_aperture
                0x0000000000082b58                lens_format_aperture
                0x0000000000082c4c                val2raw_aperture
                0x0000000000082c8c                lens_set_custom_wb_gains
                0x0000000000082d30                lens_set_kelvin
                0x0000000000082e40                lens_set_kelvin_value_only
                0x0000000000082ee8                split_iso
                0x0000000000082f48                iso_components_update
                0x0000000000083224                iso_auto_restore_hack
                0x0000000000083560                _prop_lv_lens_request_update
                0x0000000000083578                job_state_ready_to_take_pic
                0x00000000000835b0                lens_wait_readytotakepic
                0x00000000000836bc                assign_af_button_to_halfshutter
                0x000000000008371c                assign_af_button_to_star_button
                0x000000000008377c                lens_setup_af
                0x00000000000837ec                restore_af_button_assignment
                0x0000000000083854                restore_af_button_assignment_at_shutdown
                0x0000000000083890                lens_cleanup_af
                0x0000000000083894                lens_take_picture
                0x0000000000083d6c                crop_factor_menu_init
                0x0000000000083db4                lens_get_contrast
                0x0000000000083dfc                lens_get_sharpness
                0x0000000000083e40                lens_get_saturation
                0x0000000000083e88                lens_get_color_tone
                0x0000000000084344                lens_get_from_other_picstyle_contrast
                0x0000000000084378                lens_get_from_other_picstyle_sharpness
                0x00000000000843a8                lens_get_from_other_picstyle_saturation
                0x00000000000843dc                lens_get_from_other_picstyle_color_tone
                0x0000000000084410                lens_set_contrast
                0x000000000008448c                lens_set_sharpness
                0x0000000000084508                lens_set_saturation
                0x0000000000084588                lens_set_color_tone
                0x0000000000084604                SW1
                0x000000000008464c                SW2
                0x0000000000084694                expo_override_active
                0x00000000000846c0                bv_update_lensinfo
                0x0000000000084720                bv_apply_tv
                0x000000000008476c                bv_apply_av
                0x00000000000847bc                bv_apply_iso
                0x0000000000084940                bv_set_rawshutter
                0x00000000000849a8                bv_set_rawiso
                0x0000000000084a08                bv_set_rawaperture
                0x0000000000084a54                bv_auto_update
                0x0000000000084c2c                lens_set_rawaperture
                0x0000000000084c68                lens_set_rawiso
                0x0000000000084ca4                lens_set_rawshutter
                0x0000000000084dc4                lens_set_drivemode
                0x0000000000084dfc                lens_set_wbs_gm
                0x0000000000084e30                lens_set_wbs_ba
                0x0000000000084e64                hdr_set_rawiso
                0x0000000000084e74                hdr_set_rawshutter
                0x0000000000084ea8                hdr_set_rawaperture
                0x0000000000084efc                hdr_set_ae
                0x0000000000084f34                hdr_set_flash_ae
                0x0000000000084f68                get_max_analog_iso
                0x0000000000084f70                get_max_ae_ev
                0x0000000000084f78                get_ae_value
                0x0000000000084f88                get_bv
                0x000000000008506c                get_ae_state
 *fill*         0x000000000008507c        0x4 
 .text          0x0000000000085080      0x470 property.o
                0x0000000000085160                prop_add_handler
                0x00000000000851f0                prop_add_internal_handlers
                0x0000000000085220                prop_reset_registration
                0x0000000000085250                prop_init
                0x0000000000085254                prop_update_registration
                0x000000000008526c                prop_request_change
                0x0000000000085410                prop_request_change_wait
 .text          0x00000000000854f0      0xa40 propvalues.o
                0x0000000000085988                is_camera
                0x0000000000085a3c                is_movie_mode
                0x0000000000085a58                set_recording_custom
                0x0000000000085a68                get_video_mode_name
                0x0000000000085e14                get_display_device_name
 .text          0x0000000000085f30      0xcdc gui-common.o
                0x0000000000086028                is_canon_bottom_bar_dirty
                0x0000000000086038                get_last_time_active
                0x0000000000086048                handle_other_events
                0x0000000000086170                handle_common_events_startup
                0x0000000000086244                reset_pre_shutdown_flag_step
                0x000000000008628c                check_pre_shutdown_flag
                0x00000000000862e0                handle_scrollwheel_fast_clicks
                0x000000000008633c                handle_flexinfo_keys
                0x0000000000086344                detect_double_click
                0x000000000008643c                get_info_button_name
                0x0000000000086448                gui_uilock
                0x00000000000864f8                fake_simple_button
                0x0000000000086554                handle_common_events_by_feature
                0x000000000008681c                display_is_on
                0x0000000000086834                delayed_call
                0x0000000000086840                redraw_after
                0x0000000000086850                get_gui_mode
                0x000000000008685c                enter_play_mode
                0x00000000000868fc                enter_menu_mode
                0x000000000008699c                exit_play_qr_menu_mode
                0x0000000000086a60                exit_play_qr_mode
                0x0000000000086a94                exit_menu_mode
                0x0000000000086abc                is_pure_play_photo_mode
                0x0000000000086b08                is_pure_play_movie_mode
                0x0000000000086b54                is_pure_play_photo_or_movie_mode
                0x0000000000086b7c                is_play_or_qr_mode
                0x0000000000086bb4                is_play_mode
                0x0000000000086be0                is_menu_mode
 *fill*         0x0000000000086c0c        0x4 
 .text          0x0000000000086c10      0x398 chdk-gui_draw.o
                0x0000000000086c10                draw_line
                0x0000000000086d08                draw_circle
                0x0000000000086e40                fill_circle
                0x0000000000086f00                draw_angled_line
 *fill*         0x0000000000086fa8        0x8 
 .text          0x0000000000086fb0      0xab0 movtweaks.o
                0x00000000000870fc                set_shooting_mode
                0x0000000000087164                force_liveview
                0x0000000000087268                close_liveview
                0x00000000000872a0                movtweak_task_init
                0x0000000000087318                movtweak_step
                0x0000000000087504                get_screen_layout_ptr
                0x000000000008754c                get_screen_layout
                0x000000000008759c                screen_layout_update
                0x00000000000875b8                screen_layout_toggle
                0x00000000000875e4                rec_notify_continuous
                0x0000000000087848                rec_notify_trigger
                0x0000000000087888                bv_enable
                0x0000000000087994                bv_disable
                0x0000000000087a10                bv_toggle
                0x0000000000087a48                movie_tweak_menu_init
 .text          0x0000000000087a60      0x5d0 menuhelp.o
                0x0000000000087a60                draw_beta_warning
                0x0000000000087b78                draw_404_page
                0x0000000000087c54                draw_help_not_installed_page
                0x0000000000087ce8                menu_help_show_page
                0x0000000000087de8                menu_help_redraw
                0x0000000000087e1c                menu_help_next_page
                0x0000000000087e60                menu_help_prev_page
                0x0000000000087ea4                menu_help_go_to_page
                0x0000000000087ec4                str_make_lowercase
                0x0000000000087ee8                menu_help_go_to_label
 .text          0x0000000000088030       0x78 menuindex.o
 *fill*         0x00000000000880a8        0x8 
 .text          0x00000000000880b0     0x1b50 focus.o
                0x000000000008890c                reset_override_zoom_buttons
                0x0000000000088920                LensFocus
                0x0000000000088940                LensFocus2
                0x0000000000088af0                get_follow_focus_mode
                0x0000000000088af8                get_follow_focus_dir_v
                0x0000000000088b14                get_follow_focus_dir_h
                0x0000000000088b30                focus_calc_dof
                0x0000000000088e48                focus_dist_update
                0x0000000000088fcc                is_focus_stack_enabled
                0x0000000000088ff4                is_rack_focus_enabled
                0x000000000008900c                rack_focus_start_now
                0x000000000008902c                lens_focus_start
                0x000000000008904c                lens_focus_enqueue_step
                0x0000000000089080                lens_focus_stop
                0x0000000000089094                get_focus_confirmation
                0x00000000000890a0                is_manual_focus
                0x00000000000890c0                should_override_zoom_buttons
                0x0000000000089104                is_follow_focus_active
                0x0000000000089294                focus_stack_run
                0x00000000000895dc                can_lv_trap_focus_be_active
                0x000000000008965c                get_focus_graph
                0x00000000000896bc                get_lv_focus_confirmation
                0x0000000000089958                handle_trap_focus
                0x00000000000899bc                handle_follow_focus_save_restore
                0x0000000000089a84                handle_rack_focus_menu_overrides
                0x0000000000089b64                handle_follow_focus
 .text          0x0000000000089c00      0x1dc notify_box.o
                0x0000000000089d1c                NotifyBoxHide
                0x0000000000089d30                NotifyBox
 *fill*         0x0000000000089ddc        0x4 
 .text          0x0000000000089de0      0x280 bootflags.o
                0x0000000000089e20                bootflag_write_bootblock
 .text          0x000000000008a060       0xb4 dialog_test.o
                0x000000000008a060                get_current_dialog_handler
                0x000000000008a084                canon_gui_disable_front_buffer
                0x000000000008a0bc                canon_gui_enable_front_buffer
                0x000000000008a108                canon_gui_front_buffer_disabled
 *fill*         0x000000000008a114        0xc 
 .text          0x000000000008a120      0x820 vram.o
                0x000000000008a18c                vram_params_set_dirty
                0x000000000008a1dc                _update_vram_params
                0x000000000008a780                yuv422_buffer_check
                0x000000000008a7d0                guess_fastrefresh_direction
                0x000000000008a81c                get_fastrefresh_422_buf
                0x000000000008a850                get_lcd_422_buf
                0x000000000008a854                get_yuv422_vram
                0x000000000008a8c0                get_yuv422_hd_vram
                0x000000000008a910                vram_clear_lv
 .text          0x000000000008a940      0x4b4 greenscreen.o
                0x000000000008a940                green_screen_step
 *fill*         0x000000000008adf4        0xc 
 .text          0x000000000008ae00     0x2678 fps-engio.o
                0x000000000008b844                EngDrvOutLV
                0x000000000008be34                fps_should_record_wav
                0x000000000008be3c                get_current_tg_freq
                0x000000000008c2e4                get_max_shutter_timer
                0x000000000008c318                get_shutter_speed_us_from_timer
                0x000000000008c354                was_sound_recording_disabled_by_fps_override
                0x000000000008c36c                fps_get_current_x1000
                0x000000000008c3ac                fps_override_shutter_blanking
                0x000000000008c570                get_current_shutter_reciprocal_x1000
                0x000000000008c620                fps_get_shutter_speed_shift
                0x000000000008d278                fps_mvr_log
                0x000000000008d2e0                handle_fps_events
                0x000000000008d3d4                fps_get_iso_correction_evx8
                0x000000000008d3dc                fps_expo_iso_step
                0x000000000008d3e0                get_frame_iso
                0x000000000008d3f0                set_frame_iso
                0x000000000008d400                can_set_frame_iso
                0x000000000008d408                get_frame_shutter_timer
                0x000000000008d418                set_frame_shutter_timer
                0x000000000008d430                set_frame_shutter
                0x000000000008d460                can_set_frame_shutter_timer
                0x000000000008d468                get_frame_aperture
 *fill*         0x000000000008d478        0x8 
 .text          0x000000000008d480     0x9084 shoot.o
                0x000000000008d49c                is_native_iso
                0x000000000008d520                kelvin_n_gm_auto
                0x000000000008d9d0                iso_toggle
                0x000000000008db54                shutter_toggle
                0x000000000008dc18                kelvin_toggle
                0x000000000008f054                aperture_toggle
                0x000000000008f968                display_idle
                0x000000000008fd28                uniwb_is_active
                0x000000000008fff0                is_hdr_bracketing_enabled
                0x0000000000090288                is_intervalometer_running
                0x0000000000090298                get_interval_count
                0x00000000000902a8                get_interval_time
                0x00000000000902b8                set_interval_time
                0x00000000000902c8                format_time_hours_minutes_seconds
                0x00000000000903bc                get_bulb_shutter_raw_equiv
                0x00000000000903d8                get_seconds_clock
                0x00000000000905b0                get_ms_clock
                0x0000000000090628                get_us_clock
                0x0000000000090694                should_run_polling_action
                0x00000000000906c0                get_trap_focus
                0x00000000000906d0                set_flash_firing
                0x0000000000090710                get_afframe_pos
                0x0000000000090794                get_afframe_sensor_res
                0x00000000000907bc                set_lv_zoom
                0x00000000000908b4                get_mlu_delay
                0x00000000000908dc                focus_box_get_raw_crop_offset
                0x0000000000090a8c                center_lv_afframe
                0x0000000000090aa0                move_lv_afframe
                0x0000000000090c24                center_lv_afframe_do
                0x000000000009128c                handle_lv_afframe_workaround
                0x0000000000091348                next_image_in_play_mode
                0x00000000000913c8                playback_compare_images_task
                0x00000000000914e8                expfuse_preview_update_task
                0x0000000000091664                playback_compare_images
                0x0000000000091690                expfuse_preview_update
                0x00000000000916bc                expo_adjust_playback
                0x0000000000091914                ensure_movie_mode
                0x0000000000091970                ensure_photo_mode
                0x00000000000919a8                is_lowgain_iso
                0x0000000000091a18                is_round_iso
                0x0000000000091a64                get_picstyle_name
                0x0000000000091e44                get_picstyle_shortname
                0x0000000000091f58                mvr_rec_start_shoot
                0x0000000000092030                zoom_focus_ring_trigger
                0x00000000000920b4                zoom_focus_ring_engage
                0x000000000009215c                handle_zoom_x5_x10
                0x000000000009221c                zoom_sharpen_step
                0x0000000000092370                is_bulb_mode
                0x0000000000092c04                ensure_bulb_mode
                0x0000000000092c90                set_drive_single
                0x0000000000092cc0                bulb_take_pic
                0x0000000000093158                expo_lock_update_value
                0x0000000000093170                handle_expo_preset
                0x0000000000093340                hdr_flag_picture_was_taken
                0x0000000000093354                hdr_script_get_first_file_number
                0x0000000000093390                hdr_create_script
                0x000000000009378c                interval_create_script
                0x0000000000093a20                take_a_pic
                0x0000000000093e98                movie_start
                0x0000000000093f50                movie_end
                0x000000000009403c                hdr_shot
                0x0000000000094484                schedule_remote_shot
                0x0000000000094498                schedule_movie_start
                0x00000000000944ac                schedule_movie_end
                0x00000000000944c0                display_trap_focus_info
                0x000000000009467c                display_shooting_info_lv
                0x000000000009475c                intervalometer_stop
                0x00000000000947c8                handle_intervalometer
                0x0000000000094810                wait_till_next_second
                0x0000000000094834                is_continuous_drive
                0x0000000000094858                take_fast_pictures
                0x0000000000094984                remote_shot
                0x00000000000964e4                shoot_task_redraw
                0x0000000000096500                iso_refresh_display
 *fill*         0x0000000000096504        0xc 
 .text          0x0000000000096510      0xaac hdr.o
                0x0000000000096788                hdr_video_enabled
                0x00000000000967a8                hdr_get_iso_range
                0x00000000000967dc                hdr_step
                0x0000000000096994                hdr_kill_flicker
                0x0000000000096ad0                get_effective_hdr_iso_for_display
                0x0000000000096ef8                hdr_mvr_log
 *fill*         0x0000000000096fbc        0x4 
 .text          0x0000000000096fc0      0xacc lv-img-engio.o
                0x0000000000097424                get_digic_iso_gain_movie
                0x000000000009743c                get_digic_iso_gain_photo
                0x0000000000097454                set_display_gain_equiv
                0x0000000000097480                set_movie_digital_iso_gain
                0x0000000000097498                set_movie_digital_iso_gain_for_gradual_expo
                0x00000000000974a8                set_photo_digital_iso_gain_for_bv
                0x00000000000974b8                gain_to_ev_scaled
                0x00000000000974f8                digic_iso_print_movie
                0x00000000000975b8                display_gain_print
                0x0000000000097608                digic_iso_or_gain_toggle
                0x00000000000976a0                digic_iso_toggle
                0x00000000000976d0                display_gain_toggle
                0x00000000000976dc                digic_iso_toggle_movie
                0x00000000000976e8                vignetting_correction_apply_regs
                0x00000000000977ac                shutter_finetune_step
                0x0000000000097814                shutter_finetune_get_adjusted_timer
                0x0000000000097838                image_effects_step
                0x000000000009783c                digic_iso_step
 *fill*         0x0000000000097a8c        0x4 
 .text          0x0000000000097a90      0x264 state-object.o
                0x0000000000097c58                wait_lv_frames
 *fill*         0x0000000000097cf4        0xc 
 .text          0x0000000000097d00      0x740 tasks.o
                0x0000000000097d94                get_current_task_name
                0x0000000000097e14                get_task_name_from_id
                0x0000000000097e68                task_update_loads
                0x00000000000980ac                tasks_toggle_flags
                0x00000000000980c0                tasks_print
 .text          0x0000000000098440       0x5c vsync-lite.o
                0x0000000000098464                _lv_vsync_signal
                0x0000000000098478                _lv_vsync
 *fill*         0x000000000009849c        0x4 
 .text          0x00000000000984a0      0x630 tskmon.o
                0x00000000000984dc                tskmon_trace_thread
                0x0000000000098808                tskmon_update_loads
                0x000000000009896c                tskmon_stack_check
                0x0000000000098988                tskmon_stack_check_all
                0x00000000000989ac                tskmon_stack_get_max
                0x00000000000989d0                tskmon_task_dispatch
                0x0000000000098a58                tskmon_init
                0x0000000000098aa0                tskmon_trace
 .text          0x0000000000098ad0      0x308 battery.o
                0x0000000000098c1c                GetBatteryLevel
                0x0000000000098c2c                GetBatteryPerformance
                0x0000000000098c3c                GetBatteryHist
                0x0000000000098c4c                GetBatteryTimeRemaining
                0x0000000000098c6c                GetBatteryDrainRate
                0x0000000000098c88                RefreshBatteryLevel_1Hz
                0x0000000000098d3c                batt_display
 *fill*         0x0000000000098dd8        0x8 
 .text          0x0000000000098de0      0x7c8 imgconv.o
                0x0000000000098eb4                precompute_yuv2rgb
                0x0000000000098f58                yuv2rgb
                0x0000000000098fdc                rgb2yuv422_rec709
                0x00000000000990a4                rgb2yuv422_rec601
                0x000000000009917c                rgb2yuv422
                0x0000000000099180                uyvy_split
                0x00000000000991b0                yuv_resize
                0x0000000000099264                yuv_halfcopy
                0x00000000000992f8                yuv411_to_422
                0x000000000009935c                yuv411_to_rgb
                0x0000000000099484                yuvcpy_main
                0x00000000000994f0                little_cleanup
                0x0000000000099574                yuv422_get_pixel
 *fill*         0x00000000000995a8        0x8 
 .text          0x00000000000995b0     0x1a44 histogram.o
                0x0000000000099ba0                hist_build_raw
                0x0000000000099fd0                raw_histo_update
                0x000000000009a098                hist_draw_image
                0x000000000009a86c                hist_print
                0x000000000009a984                hist_warn_display
                0x000000000009aa00                raw_hist_get_percentile_levels
                0x000000000009ae94                raw_hist_get_percentile_level
                0x000000000009aec0                raw_hist_get_overexposure_percentage
 *fill*         0x000000000009aff4        0xc 
 .text          0x000000000009b000      0x3d8 falsecolor.o
                0x000000000009b000                falsecolor_value_ex
                0x000000000009b014                falsecolor_value
                0x000000000009b034                falsecolor_fordraw
                0x000000000009b060                draw_false_downsampled
                0x000000000009b264                falsecolor_palette_name
                0x000000000009b2f0                falsecolor_palette_preview
                0x000000000009b358                falsecolor_display
                0x000000000009b38c                falsecolor_display_palette
 *fill*         0x000000000009b3d8        0x8 
 .text          0x000000000009b3e0      0x954 audio-ak.o
                0x000000000009b548                sound_recording_enabled_canon
                0x000000000009b560                sound_recording_enabled
                0x000000000009b648                get_audio_levels
                0x000000000009b654                audio_level_to_db
                0x000000000009bb80                input_toggle
                0x000000000009bb84                audio_meters_are_drawn
                0x000000000009bb88                audio_configure
                0x000000000009bccc                out_volume_up
                0x000000000009bd00                out_volume_down
 *fill*         0x000000000009bd34        0xc 
 .text          0x000000000009bd40     0x80c0 zebra.o
                0x000000000009d16c                get_y_skip_offset_for_overlays
                0x000000000009d234                get_y_skip_offset_for_histogram
                0x000000000009d290                lv_luma_is_accurate
                0x000000000009d514                digic_zoom_overlay_enabled
                0x000000000009d51c                focus_peaking_as_display_filter
                0x000000000009d524                histogram_or_small_waveform_enabled
                0x000000000009d59c                get_bvram_mirror
                0x000000000009df4c                crop_set_dirty
                0x000000000009dfa4                set_movie_cropmarks
                0x000000000009e044                reset_movie_cropmarks
                0x000000000009e05c                get_global_draw
                0x000000000009e204                get_zoom_overlay_trigger_mode
                0x000000000009e234                get_zoom_overlay_trigger_by_focus_ring
                0x000000000009e89c                cropmark_clear_cache
                0x000000000009f664                get_global_draw_setting
                0x000000000009f674                zebra_highlight_raw_advanced
                0x000000000009fa18                get_under_and_over_exposure
                0x000000000009fbd4                bvram_mirror_init
                0x000000000009fc50                get_spot_yuv_ex
                0x000000000009fe34                get_spot_yuv
                0x000000000009fe60                get_spot_motion
                0x00000000000a0148                get_spot_focus
                0x00000000000a0264                spotmeter_erase
                0x00000000000a0c64                handle_zoom_overlay
                0x00000000000a0d68                zoom_overlay_disable
                0x00000000000a0d80                zoom_overlay_set_countdown
                0x00000000000a0d90                digic_zoom_overlay_step
                0x00000000000a0d94                liveview_display_idle
                0x00000000000a0e6c                zebra_should_run
                0x00000000000a0f00                should_draw_zoom_overlay
                0x00000000000a102c                nondigic_zoom_overlay_enabled
                0x00000000000a17a4                should_draw_bottom_graphs
                0x00000000000a1800                draw_histogram_and_waveform
                0x00000000000a226c                redraw
                0x00000000000a22f0                handle_transparent_overlay
                0x00000000000a2808                lens_display_set_dirty
                0x00000000000a2830                _redraw_do
                0x00000000000a290c                is_focus_peaking_enabled
                0x00000000000a2988                update_disp_mode_bits_from_params
                0x00000000000a3a1c                update_disp_mode_params_from_bits
                0x00000000000a3b04                get_disp_mode
                0x00000000000a3b14                toggle_disp_mode
                0x00000000000a3bfc                handle_disp_preset_key
                0x00000000000a3cb8                handle_overlays_playback
                0x00000000000a3d60                peaking_benchmark
 .text          0x00000000000a3e00      0x5c8 vectorscope.o
                0x00000000000a3fa0                vectorscope_addpixel
                0x00000000000a40cc                vectorscope_should_draw
                0x00000000000a40dc                vectorscope_request_draw
                0x00000000000a40ec                vectorscope_start
                0x00000000000a4128                vectorscope_redraw
 *fill*         0x00000000000a43c8        0x8 
 .text          0x00000000000a43d0      0x800 beep.o
                0x00000000000a4a28                unsafe_beep
                0x00000000000a4a84                beep
                0x00000000000a4a9c                beep_times
                0x00000000000a4b1c                beep_custom
                0x00000000000a4bc8                WAV_StartRecord
                0x00000000000a4bcc                WAV_StopRecord
 .text          0x00000000000a4bd0        0x0 crop-mode-hack.o
 .text          0x00000000000a4bd0       0x28 ph_info_disp.o
                0x00000000000a4bd0                display_shooting_info
 *fill*         0x00000000000a4bf8        0x8 
 .text          0x00000000000a4c00     0x1780 flexinfo.o
                0x00000000000a4cc8                info_trim_string
                0x00000000000a4d48                info_get_cardmaker
                0x00000000000a4d60                info_get_cardmodel
                0x00000000000a4d78                info_get_cardlabel
                0x00000000000a4d80                info_get_string
                0x00000000000a5940                info_measure_string
                0x00000000000a59dc                info_get_anchor_offset
                0x00000000000a5a34                info_get_by_name
                0x00000000000a5a78                info_get_absolute
                0x00000000000a5b84                info_resolve_color
                0x00000000000a5bf8                info_print_string
                0x00000000000a5d3c                info_print_text
                0x00000000000a5e60                info_print_fill
                0x00000000000a5ec4                info_print_icon
                0x00000000000a5ee0                info_print_battery_perf
                0x00000000000a602c                info_print_battery_icon
                0x00000000000a6058                info_get_next_z
                0x00000000000a6088                info_print_element
                0x00000000000a6110                info_print_config
                0x00000000000a61f8                info_print_screen
                0x00000000000a6284                info_add_item
                0x00000000000a6330                info_free_item
 .text          0x00000000000a6380      0x3f0 screenshot.o
                0x00000000000a6380                take_screenshot
 .text          0x00000000000a6770      0x1c4 fileprefix.o
                0x00000000000a67a4                get_file_prefix
                0x00000000000a67b0                file_prefix_set
                0x00000000000a68a4                file_prefix_reset
 *fill*         0x00000000000a6934        0xc 
 .text          0x00000000000a6940      0xc38 lvinfo.o
                0x00000000000a72b8                lvinfo_add_items
                0x00000000000a7340                lvinfo_add_item
                0x00000000000a7348                lvinfo_display
 .text          0x00000000000a7578      0x320 builtin-enforcing.o
                0x00000000000a7578                unused_dummy_func
 *fill*         0x00000000000a7898        0x8 
 .text          0x00000000000a78a0      0xf48 powersave.o
                0x00000000000a78c8                idle_globaldraw_dis
                0x00000000000a78e0                idle_globaldraw_en
                0x00000000000a79c8                idle_kill_flicker
                0x00000000000a7d3c                powersave_prolong
                0x00000000000a7d64                powersave_prohibit
                0x00000000000a7d8c                powersave_permit
                0x00000000000a7db4                PauseLiveView
                0x00000000000a7ec8                display_on
                0x00000000000a7ed0                display_off
                0x00000000000a7fc0                idle_led_blink_step
                0x00000000000a807c                idle_is_powersave_enabled
                0x00000000000a80b4                idle_is_powersave_enabled_on_info_disp_key
                0x00000000000a80dc                idle_is_powersave_active
                0x00000000000a8144                idle_force_powersave_in_1s
                0x00000000000a8180                idle_force_powersave_now
                0x00000000000a81bc                handle_powersave_key
                0x00000000000a8254                idle_wakeup_reset_counters
                0x00000000000a82c8                ResumeLiveView
                0x00000000000a8500                idle_powersave_step
 *fill*         0x00000000000a87e8        0x8 
 .text          0x00000000000a87f0      0x630 ml-cbr.o
                0x00000000000a88c8                ml_register_cbr
                0x00000000000a8aa0                ml_unregister_cbr
                0x00000000000a8b84                ml_notify_cbr
                0x00000000000a8c44                debug_cbr_tree
                0x00000000000a8cd8                _ml_cbr_init
 .text          0x00000000000a8e20     0x36e0 raw.o
                0x00000000000a8e58                raw_red_pixel
                0x00000000000a8e98                raw_green_pixel
                0x00000000000a8edc                raw_blue_pixel
                0x00000000000a8f24                raw_red_pixel_dark
                0x00000000000a8f8c                raw_green_pixel_dark
                0x00000000000a8ffc                raw_blue_pixel_dark
                0x00000000000a9070                raw_red_pixel_bright
                0x00000000000a90d8                raw_green_pixel_bright
                0x00000000000a9148                raw_blue_pixel_bright
                0x00000000000aa344                raw_set_dirty
                0x00000000000aa358                raw_set_preview_rect
                0x00000000000aa444                raw_set_geometry
                0x00000000000aa588                raw_get_pixel
                0x00000000000aa940                raw_get_pixel_ex
                0x00000000000aaa54                raw_set_pixel
                0x00000000000aac04                raw_get_gray_pixel
                0x00000000000aae14                raw_to_ev
                0x00000000000aaf1c                ev_to_raw
                0x00000000000aaf80                raw_lv_redirect_edmac
                0x00000000000aaf94                raw_lv_vsync
                0x00000000000ab080                _raw_lv_get_iso_post_gain
                0x00000000000ab0ac                raw_lv_settings_still_valid
                0x00000000000ab1c4                raw_preview_fast_ex
                0x00000000000ab2bc                raw_preview_fast
                0x00000000000ab340                raw_lv_is_enabled
                0x00000000000ab350                raw_lv_request_bpp
                0x00000000000ab440                raw_lv_request_digital_gain
                0x00000000000ab4c8                raw_force_aspect_ratio
                0x00000000000ab5f0                get_dxo_dynamic_range
                0x00000000000ab690                can_use_raw_overlays_photo
                0x00000000000ac138                raw_update_params
                0x00000000000ac294                raw_lv_request
                0x00000000000ac2fc                raw_lv_release
                0x00000000000ac35c                can_use_raw_overlays
                0x00000000000ac404                can_use_raw_overlays_menu
                0x00000000000ac484                menu_set_warning_raw
                0x00000000000ac4d8                menu_checkdep_raw
 .text          0x00000000000ac500     0x13d4 chdk-dng.o
                0x00000000000ad284                reverse_bytes_order
                0x00000000000ad34c                dng_set_thumbnail_size
                0x00000000000ad360                dng_set_camname
                0x00000000000ad374                dng_set_camserial
                0x00000000000ad388                dng_set_description
                0x00000000000ad39c                dng_set_lensmodel
                0x00000000000ad3b0                dng_set_focal
                0x00000000000ad3c4                dng_set_aperture
                0x00000000000ad3d8                dng_set_shutter
                0x00000000000ad3ec                dng_set_framerate
                0x00000000000ad404                dng_set_framerate_rational
                0x00000000000ad418                dng_set_iso
                0x00000000000ad428                dng_set_wbgain
                0x00000000000ad454                dng_set_datetime
                0x00000000000ad488                save_dng
 *fill*         0x00000000000ad8d4        0xc 
 .text          0x00000000000ad8e0      0x79c edmac-memcpy.o
                0x00000000000ad9d8                edmac_memcpy_res_lock
                0x00000000000ada10                edmac_memcpy_res_unlock
                0x00000000000ada20                edmac_copy_rectangle_cbr_start
                0x00000000000adc08                edmac_copy_rectangle_adv_cleanup
                0x00000000000adc58                edmac_copy_rectangle_adv_finish
                0x00000000000adc90                edmac_copy_rectangle_adv_start
                0x00000000000adcf4                edmac_copy_rectangle_adv
                0x00000000000add48                edmac_copy_rectangle
                0x00000000000add7c                edmac_copy_rectangle_start
                0x00000000000addb0                edmac_copy_rectangle_finish
                0x00000000000addb4                edmac_memset
                0x00000000000ade84                edmac_find_divider
                0x00000000000adf0c                edmac_memcpy_start
                0x00000000000adfb8                edmac_memcpy_finish
                0x00000000000adfbc                edmac_memcpy
                0x00000000000adfd4                edmac_raw_slurp
 *fill*         0x00000000000ae07c        0x4 
 .text          0x00000000000ae080     0x1d94 patch.o
                0x00000000000af1a0                _reapply_cache_patches
                0x00000000000af26c                _patch_sync_caches
                0x00000000000af31c                sync_caches
                0x00000000000af4b0                unpatch_memory
                0x00000000000af820                patch_memory
                0x00000000000af838                patch_instruction
                0x00000000000af850                patch_engio_list
                0x00000000000af88c                unpatch_engio_list
                0x00000000000af8bc                patch_memory_matrix
                0x00000000000afb14                patch_memory_ex
                0x00000000000afb58                patch_memory_array
                0x00000000000afba8                patch_hook_function
 *fill*         0x00000000000afe14        0xc 
 .text          0x00000000000afe20      0x828 console.o
                0x00000000000b02d4                console_show
                0x00000000000b02e8                console_hide
                0x00000000000b030c                console_toggle
                0x00000000000b0328                console_clear
                0x00000000000b034c                console_puts
                0x00000000000b05a0                console_draw_from_menu
                0x00000000000b05bc                printf
                0x00000000000b062c                puts
 *fill*         0x00000000000b0648        0x8 
 .text          0x00000000000b0650      0x180 tcc-glue.o
                0x00000000000b0650                _tcc_exit
                0x00000000000b0674                _tcc_open
                0x00000000000b073c                _tcc_read
                0x00000000000b0784                _tcc_close
                0x00000000000b0794                _tcc_lseek
 .text          0x00000000000b07d0     0x4218 ../../tcc/libtccx.o
                0x00000000000b141c                tcc_delete
                0x00000000000b1814                tcc_add_file
                0x00000000000b19ac                tcc_add_symbol
                0x00000000000b1b1c                tcc_new
                0x00000000000b1d60                tcc_set_options
                0x00000000000b2b58                tcc_get_symbol
                0x00000000000b45f8                tcc_load_offline_section
                0x00000000000b4918                tcc_relocate
 *fill*         0x00000000000b49e8        0x8 
 .text          0x00000000000b49f0     0x2a40 module.o
                0x00000000000b596c                config_preset_scan
                0x00000000000b5d48                module_load
                0x00000000000b5de0                module_get_symbol
                0x00000000000b5dec                module_exec
                0x00000000000b5f98                module_unload
                0x00000000000b5fa8                module_exec_cbr
                0x00000000000b6024                module_translate_key
                0x00000000000b6494                module_send_keypress
                0x00000000000b6500                handle_module_keys
                0x00000000000b65d8                module_display_filter_enabled
                0x00000000000b6650                module_display_filter_update
                0x00000000000b66ec                module_get_string
                0x00000000000b718c                module_get_name
                0x00000000000b71a8                module_get_next_loaded
                0x00000000000b71f4                module_get_config_var
                0x00000000000b7264                module_config_var_lookup
                0x00000000000b72c8                module_save_configs
                0x00000000000b736c                module_shutdown
 .text          0x00000000000b7430        0x0 video_hacks.o
 .text          0x00000000000b7430      0x23c afma.o
                0x00000000000b74b4                get_afma
                0x00000000000b7544                set_afma
                0x00000000000b7610                set_afma_mode
                0x00000000000b764c                get_afma_mode
                0x00000000000b765c                get_afma_max
                0x00000000000b7664                get_config_afma_wide_tele
 *fill*         0x00000000000b766c        0x4 
 .text          0x00000000000b7670       0x94 asm.o
                0x00000000000b7670                asm_guess_func_name_from_string
 .text          0x00000000000b7704       0x28 dietlibc.a(strrchr.o)
                0x00000000000b7704                strrchr
                0x00000000000b7704                rindex
 .text          0x00000000000b772c       0x20 dietlibc.a(strncpy.o)
                0x00000000000b772c                strncpy
 .text          0x00000000000b774c       0x1c dietlibc.a(strlen.o)
                0x00000000000b774c                strlen
 .text          0x00000000000b7768       0x38 dietlibc.a(strncmp.o)
                0x00000000000b7768                strncmp
 .text          0x00000000000b77a0       0x1c dietlibc.a(strcpy.o)
                0x00000000000b77a0                strcpy
 .text          0x00000000000b77bc       0x30 dietlibc.a(strcmp.o)
                0x00000000000b77bc                strcoll
                0x00000000000b77bc                strcmp
 .text          0x00000000000b77ec       0x44 dietlibc.a(strcasecmp.o)
                0x00000000000b77ec                strcasecmp
 .text          0x00000000000b7830      0x208 dietlibc.a(strtoull.o)
                0x00000000000b7830                strtoumax
                0x00000000000b7830                strtoull
                0x00000000000b7830                strtouq
 .text          0x00000000000b7a38       0xdc dietlibc.a(strtol.o)
                0x00000000000b7a38                strtol
 .text          0x00000000000b7b14      0x19c dietlibc.a(strtoul.o)
                0x00000000000b7b14                strtoul
 .text          0x00000000000b7cb0       0x2c dietlibc.a(strchr.o)
                0x00000000000b7cb0                index
                0x00000000000b7cb0                strchr
 .text          0x00000000000b7cdc       0x8c dietlibc.a(strstr.o)
                0x00000000000b7cdc                strstr
 .text          0x00000000000b7d68       0x38 dietlibc.a(memcmp.o)
                0x00000000000b7d68                bcmp
                0x00000000000b7d68                memcmp
 .text          0x00000000000b7da0       0x68 dietlibc.a(memmove.o)
                0x00000000000b7da0                memmove
 .text          0x00000000000b7e08       0x7c dietlibc.a(atol.o)
                0x00000000000b7e08                atol
                0x00000000000b7e08                atoi
 .text          0x00000000000b7e84        0x0 dietlibc.a(errno.o)
 .text          0x00000000000b7e84        0xc dietlibc.a(errno_location.o)
                0x00000000000b7e84                __errno_location
 .text          0x00000000000b7e90       0x2c newlib-libc.a(lib_a-setjmp.o)
                0x00000000000b7e90                setjmp
                0x00000000000b7ea4                longjmp
 .text          0x00000000000b7ebc      0x168 newlib-libc.a(lib_a-memcpy-stub.o)
                0x00000000000b7ebc                memcpy
 .text          0x00000000000b8024       0xac newlib-libc.a(lib_a-memccpy.o)
                0x00000000000b8024                memccpy
 .text          0x00000000000b80d0      0x188 newlib-libc.a(lib_a-memset.o)
                0x00000000000b80d0                memset
 .text          0x00000000000b8258       0xd0 newlib-libm.a(lib_a-sf_ceil.o)
                0x00000000000b8258                ceilf
 .text          0x00000000000b8328       0xa4 newlib-libm.a(lib_a-sf_cos.o)
                0x00000000000b8328                cosf
 .text          0x00000000000b83cc       0x88 newlib-libm.a(lib_a-sf_frexp.o)
                0x00000000000b83cc                frexpf
 .text          0x00000000000b8454       0x1c newlib-libm.a(lib_a-sf_log2.o)
                0x00000000000b8454                log2f
 .text          0x00000000000b8470       0x7c newlib-libm.a(lib_a-sf_round.o)
                0x00000000000b8470                roundf
 .text          0x00000000000b84ec       0xbc newlib-libm.a(lib_a-sf_sin.o)
                0x00000000000b84ec                sinf
 .text          0x00000000000b85a8       0x74 newlib-libm.a(lib_a-sf_tan.o)
                0x00000000000b85a8                tanf
 .text          0x00000000000b861c      0x10c newlib-libm.a(lib_a-wf_acos.o)
                0x00000000000b861c                acosf
 .text          0x00000000000b8728      0x10c newlib-libm.a(lib_a-wf_asin.o)
                0x00000000000b8728                asinf
 .text          0x00000000000b8834       0x10 newlib-libm.a(lib_a-wf_atan2.o)
                0x00000000000b8834                atan2f
 .text          0x00000000000b8844      0x178 newlib-libm.a(lib_a-wf_exp.o)
                0x00000000000b8844                expf
 .text          0x00000000000b89bc      0x13c newlib-libm.a(lib_a-wf_fmod.o)
                0x00000000000b89bc                fmodf
 .text          0x00000000000b8af8      0x164 newlib-libm.a(lib_a-wf_log10.o)
                0x00000000000b8af8                log10f
 .text          0x00000000000b8c5c      0x164 newlib-libm.a(lib_a-wf_log.o)
                0x00000000000b8c5c                logf
 .text          0x00000000000b8dc0      0x504 newlib-libm.a(lib_a-wf_pow.o)
                0x00000000000b8dc0                powf
 .text          0x00000000000b92c4      0x11c newlib-libm.a(lib_a-wf_sqrt.o)
                0x00000000000b92c4                sqrtf
 .text          0x00000000000b93e0      0x3bc newlib-libm.a(lib_a-ef_acos.o)
                0x00000000000b93e0                __ieee754_acosf
 .text          0x00000000000b979c      0x38c newlib-libm.a(lib_a-ef_asin.o)
                0x00000000000b979c                __ieee754_asinf
 .text          0x00000000000b9b28      0x1b4 newlib-libm.a(lib_a-ef_atan2.o)
                0x00000000000b9b28                __ieee754_atan2f
 .text          0x00000000000b9cdc      0x2b4 newlib-libm.a(lib_a-ef_exp.o)
                0x00000000000b9cdc                __ieee754_expf
 .text          0x00000000000b9f90      0x18c newlib-libm.a(lib_a-ef_fmod.o)
                0x00000000000b9f90                __ieee754_fmodf
 .text          0x00000000000ba11c       0xf8 newlib-libm.a(lib_a-ef_log10.o)
                0x00000000000ba11c                __ieee754_log10f
 .text          0x00000000000ba214      0x3b8 newlib-libm.a(lib_a-ef_log.o)
                0x00000000000ba214                __ieee754_logf
 .text          0x00000000000ba5cc      0x998 newlib-libm.a(lib_a-ef_pow.o)
                0x00000000000ba5cc                __ieee754_powf
 .text          0x00000000000baf64      0x454 newlib-libm.a(lib_a-ef_rem_pio2.o)
                0x00000000000baf64                __ieee754_rem_pio2f
 .text          0x00000000000bb3b8      0x114 newlib-libm.a(lib_a-ef_sqrt.o)
                0x00000000000bb3b8                __ieee754_sqrtf
 .text          0x00000000000bb4cc      0x214 newlib-libm.a(lib_a-kf_cos.o)
                0x00000000000bb4cc                __kernel_cosf
 .text          0x00000000000bb6e0      0x950 newlib-libm.a(lib_a-kf_rem_pio2.o)
                0x00000000000bb6e0                __kernel_rem_pio2f
 .text          0x00000000000bc030      0x14c newlib-libm.a(lib_a-kf_sin.o)
                0x00000000000bc030                __kernel_sinf
 .text          0x00000000000bc17c      0x360 newlib-libm.a(lib_a-kf_tan.o)
                0x00000000000bc17c                __kernel_tanf
 .text          0x00000000000bc4dc      0x2fc newlib-libm.a(lib_a-sf_atan.o)
                0x00000000000bc4dc                atanf
 .text          0x00000000000bc7d8        0x8 newlib-libm.a(lib_a-sf_fabs.o)
                0x00000000000bc7d8                fabsf
 .text          0x00000000000bc7e0       0x1c newlib-libm.a(lib_a-sf_finite.o)
                0x00000000000bc7e0                finitef
 .text          0x00000000000bc7fc       0xd4 newlib-libm.a(lib_a-sf_floor.o)
                0x00000000000bc7fc                floorf
 .text          0x00000000000bc8d0       0x6c newlib-libm.a(lib_a-sf_fpclassify.o)
                0x00000000000bc8d0                __fpclassifyf
 .text          0x00000000000bc93c        0xc newlib-libm.a(lib_a-sf_nan.o)
                0x00000000000bc93c                nanf
 .text          0x00000000000bc948      0x11c newlib-libm.a(lib_a-sf_scalbn.o)
                0x00000000000bc948                scalbnf
 .text          0x00000000000bca64        0x0 newlib-libm.a(lib_a-s_lib_ver.o)
 .text          0x00000000000bca64        0x8 newlib-libm.a(lib_a-s_matherr.o)
                0x00000000000bca64                matherr
 .text          0x00000000000bca6c       0x10 newlib-libm.a(lib_a-s_nan.o)
                0x00000000000bca6c                nan
 .text          0x00000000000bca7c      0x1a0 newlib-libm.a(lib_a-s_rint.o)
                0x00000000000bca7c                rint
 .text          0x00000000000bcc1c       0x10 newlib-libm.a(lib_a-sf_copysign.o)
                0x00000000000bcc1c                copysignf
 .text          0x00000000000bcc2c      0x114 gcc-libgcc.a(_udivsi3.o)
                0x00000000000bcc2c                __udivsi3
                0x00000000000bcc2c                __aeabi_uidiv
                0x00000000000bcd20                __aeabi_uidivmod
 .text          0x00000000000bcd40      0x148 gcc-libgcc.a(_divsi3.o)
                0x00000000000bcd40                __aeabi_idiv
                0x00000000000bcd40                __divsi3
                0x00000000000bce68                __aeabi_idivmod
 .text          0x00000000000bce88        0x4 gcc-libgcc.a(_dvmd_tls.o)
                0x00000000000bce88                __aeabi_ldiv0
                0x00000000000bce88                __aeabi_idiv0
 .text          0x00000000000bce8c      0x41c gcc-libgcc.a(_arm_addsubdf3.o)
                0x00000000000bce8c                __aeabi_drsub
                0x00000000000bce94                __subdf3
                0x00000000000bce94                __aeabi_dsub
                0x00000000000bce98                __aeabi_dadd
                0x00000000000bce98                __adddf3
                0x00000000000bd1a8                __aeabi_ui2d
                0x00000000000bd1a8                __floatunsidf
                0x00000000000bd1cc                __floatsidf
                0x00000000000bd1cc                __aeabi_i2d
                0x00000000000bd1f4                __extendsfdf2
                0x00000000000bd1f4                __aeabi_f2d
                0x00000000000bd234                __aeabi_ul2d
                0x00000000000bd234                __floatundidf
                0x00000000000bd248                __aeabi_l2d
                0x00000000000bd248                __floatdidf
 .text          0x00000000000bd2a8      0x49c gcc-libgcc.a(_arm_muldivdf3.o)
                0x00000000000bd2a8                __aeabi_dmul
                0x00000000000bd2a8                __muldf3
                0x00000000000bd538                __aeabi_ddiv
                0x00000000000bd538                __divdf3
 .text          0x00000000000bd744      0x144 gcc-libgcc.a(_arm_cmpdf2.o)
                0x00000000000bd744                __gedf2
                0x00000000000bd744                __gtdf2
                0x00000000000bd74c                __ledf2
                0x00000000000bd74c                __ltdf2
                0x00000000000bd754                __cmpdf2
                0x00000000000bd754                __eqdf2
                0x00000000000bd754                __nedf2
                0x00000000000bd7dc                __aeabi_cdrcmple
                0x00000000000bd7f8                __aeabi_cdcmple
                0x00000000000bd7f8                __aeabi_cdcmpeq
                0x00000000000bd810                __aeabi_dcmpeq
                0x00000000000bd828                __aeabi_dcmplt
                0x00000000000bd840                __aeabi_dcmple
                0x00000000000bd858                __aeabi_dcmpge
                0x00000000000bd870                __aeabi_dcmpgt
 .text          0x00000000000bd888       0x5c gcc-libgcc.a(_arm_fixdfsi.o)
                0x00000000000bd888                __fixdfsi
                0x00000000000bd888                __aeabi_d2iz
 .text          0x00000000000bd8e4       0xa0 gcc-libgcc.a(_arm_truncdfsf2.o)
                0x00000000000bd8e4                __aeabi_d2f
                0x00000000000bd8e4                __truncdfsf2
 .text          0x00000000000bd984      0x2ac gcc-libgcc.a(_arm_addsubsf3.o)
                0x00000000000bd984                __aeabi_frsub
                0x00000000000bd98c                __aeabi_fsub
                0x00000000000bd98c                __subsf3
                0x00000000000bd990                __aeabi_fadd
                0x00000000000bd990                __addsf3
                0x00000000000bdb4c                __aeabi_ui2f
                0x00000000000bdb4c                __floatunsisf
                0x00000000000bdb54                __floatsisf
                0x00000000000bdb54                __aeabi_i2f
                0x00000000000bdb74                __aeabi_ul2f
                0x00000000000bdb74                __floatundisf
                0x00000000000bdb84                __aeabi_l2f
                0x00000000000bdb84                __floatdisf
 .text          0x00000000000bdc30      0x2f8 gcc-libgcc.a(_arm_muldivsf3.o)
                0x00000000000bdc30                __mulsf3
                0x00000000000bdc30                __aeabi_fmul
                0x00000000000bddc8                __divsf3
                0x00000000000bddc8                __aeabi_fdiv
 .text          0x00000000000bdf28      0x114 gcc-libgcc.a(_arm_cmpsf2.o)
                0x00000000000bdf28                __gesf2
                0x00000000000bdf28                __gtsf2
                0x00000000000bdf30                __ltsf2
                0x00000000000bdf30                __lesf2
                0x00000000000bdf38                __nesf2
                0x00000000000bdf38                __eqsf2
                0x00000000000bdf38                __cmpsf2
                0x00000000000bdf9c                __aeabi_cfrcmple
                0x00000000000bdfac                __aeabi_cfcmpeq
                0x00000000000bdfac                __aeabi_cfcmple
                0x00000000000bdfc4                __aeabi_fcmpeq
                0x00000000000bdfdc                __aeabi_fcmplt
                0x00000000000bdff4                __aeabi_fcmple
                0x00000000000be00c                __aeabi_fcmpge
                0x00000000000be024                __aeabi_fcmpgt
 .text          0x00000000000be03c       0x5c gcc-libgcc.a(_arm_fixsfsi.o)
                0x00000000000be03c                __fixsfsi
                0x00000000000be03c                __aeabi_f2iz
 .text          0x00000000000be098       0x54 gcc-libgcc.a(_arm_fixunssfsi.o)
                0x00000000000be098                __aeabi_f2uiz
                0x00000000000be098                __fixunssfsi
 .text          0x00000000000be0ec       0xd4 gcc-libgcc.a(_aeabi_ldivmod.o)
                0x00000000000be0ec                __aeabi_ldivmod
 .text          0x00000000000be1c0       0x3c gcc-libgcc.a(_aeabi_uldivmod.o)
                0x00000000000be1c0                __aeabi_uldivmod
 .text          0x00000000000be1fc       0x44 gcc-libgcc.a(_popcountsi2.o)
                0x00000000000be1fc                __popcountsi2
 .text          0x00000000000be240       0x40 gcc-libgcc.a(_fixsfdi.o)
                0x00000000000be240                __aeabi_f2lz
                0x00000000000be240                __fixsfdi
 .text          0x00000000000be280       0x70 gcc-libgcc.a(_fixunssfdi.o)
                0x00000000000be280                __aeabi_f2ulz
                0x00000000000be280                __fixunssfdi
 .text          0x00000000000be2f0      0x12c gcc-libgcc.a(_udivmoddi4.o)
                0x00000000000be2f0                __udivmoddi4
 .text          0x00000000000be41c       0x54 gcc-libgcc.a(_arm_fixunsdfsi.o)
                0x00000000000be41c                __fixunsdfsi
                0x00000000000be41c                __aeabi_d2uiz
 .text          0x00000000000be470       0x28 gcc-libgcc.a(_clzdi2.o)
                0x00000000000be470                __clzdi2
 .text          0x00000000000be498       0x48 gcc-libgcc.a(_clzsi2.o)
                0x00000000000be498                __clzsi2
 .text.__stub   0x00000000000be4e0      0x170 linker stubs
                0x00000000000be650                _text_end = .
                0x00000000000be680                . = ALIGN (0x40)
 *fill*         0x00000000000be650       0x30 
                0x00000000000be680                _rodata_start = .
 *(.rodata)
 .rodata        0x00000000000be680       0x8d version.o
                0x00000000000be680                build_user
                0x00000000000be6a1                build_date
                0x00000000000be6b9                build_id
                0x00000000000be6f4                build_version
 .rodata        0x00000000000be70d       0x35 fio-ml.o
 .rodata        0x00000000000be742       0x31 mem.o
 *fill*         0x00000000000be773        0x1 
 .rodata        0x00000000000be774      0xd38 ico.o
                0x00000000000be774                menu_icons_body
 .rodata        0x00000000000bf4ac      0x14c edmac.o
 .rodata        0x00000000000bf5f8      0x130 menu.o
 .rodata        0x00000000000bf728        0x9 debug.o
 .rodata        0x00000000000bf731        0xb util.o
 .rodata        0x00000000000bf73c       0x19 cfn.o
 .rodata        0x00000000000bf755       0xb1 exmem.o
 .rodata        0x00000000000bf806       0x51 bmp.o
 *fill*         0x00000000000bf857        0x1 
 .rodata        0x00000000000bf858       0x1d stdio.o
 *fill*         0x00000000000bf875        0x3 
 .rodata        0x00000000000bf878       0x2c config.o
 .rodata        0x00000000000bf8a4       0x88 tweaks.o
 .rodata        0x00000000000bf92c      0x3a1 lens.o
 .rodata        0x00000000000bfccd       0x14 property.o
 .rodata        0x00000000000bfce1       0x24 movtweaks.o
 *fill*         0x00000000000bfd05        0x3 
 .rodata        0x00000000000bfd08      0x164 fps-engio.o
 .rodata        0x00000000000bfe6c      0x68c shoot.o
 .rodata        0x00000000000c04f8       0x6c hdr.o
 .rodata        0x00000000000c0564       0x44 lv-img-engio.o
 .rodata        0x00000000000c05a8       0x13 state-object.o
 .rodata        0x00000000000c05bb       0x23 tasks.o
 .rodata        0x00000000000c05de        0x8 histogram.o
 *fill*         0x00000000000c05e6        0x2 
 .rodata        0x00000000000c05e8       0x85 zebra.o
 *fill*         0x00000000000c066d        0x3 
 .rodata        0x00000000000c0670       0x44 beep.o
 .rodata        0x00000000000c06b4       0x58 powersave.o
 .rodata        0x00000000000c070c       0x63 ml-cbr.o
 *fill*         0x00000000000c076f        0x1 
 .rodata        0x00000000000c0770       0xd0 raw.o
 .rodata        0x00000000000c0840      0x104 chdk-dng.o
 .rodata        0x00000000000c0944       0x31 edmac-memcpy.o
 *fill*         0x00000000000c0975        0x3 
 .rodata        0x00000000000c0978      0x1b8 ../../tcc/libtccx.o
 .rodata        0x00000000000c0b30       0x2d module.o
 .rodata        0x00000000000c0b5d       0x18 afma.o
 *fill*         0x00000000000c0b75        0x3 
 .rodata        0x00000000000c0b78       0x18 newlib-libm.a(lib_a-ef_exp.o)
 .rodata        0x00000000000c0b90        0x8 newlib-libm.a(lib_a-ef_fmod.o)
 .rodata        0x00000000000c0b98       0x18 newlib-libm.a(lib_a-ef_pow.o)
 .rodata        0x00000000000c0bb0      0x398 newlib-libm.a(lib_a-ef_rem_pio2.o)
 .rodata        0x00000000000c0f48       0x38 newlib-libm.a(lib_a-kf_rem_pio2.o)
 .rodata        0x00000000000c0f80       0x20 newlib-libm.a(lib_a-sf_atan.o)
 .rodata        0x00000000000c0fa0       0x10 newlib-libm.a(lib_a-s_rint.o)
                0x00000000000c0fb0                _rodata_end = .
                0x00000000000c0fb0                _data_start = .

.rodata.str1.1  0x00000000000c0fb0     0xc795
 .rodata.str1.1
                0x00000000000c0fb0       0x46 backtrace.o
 .rodata.str1.1
                0x00000000000c0ff6       0xdc boot-hack.o
                                         0xdf (size before relaxing)
 .rodata.str1.1
                0x00000000000c10d2      0x36b fio-ml.o
                                        0x384 (size before relaxing)
 .rodata.str1.1
                0x00000000000c143d      0x5c6 mem.o
                                        0x630 (size before relaxing)
 .rodata.str1.1
                0x00000000000c1a03       0x12 edmac.o
 .rodata.str1.1
                0x00000000000c1a03      0xb18 menu.o
                                        0xbb2 (size before relaxing)
 .rodata.str1.1
                0x00000000000c251b      0xa96 debug.o
                                        0xafd (size before relaxing)
 .rodata.str1.1
                0x00000000000c2fb1       0x12 posix.o
 .rodata.str1.1
                0x00000000000c2fc3       0x16 util.o
 .rodata.str1.1
                0x00000000000c2fd9       0x30 electronic_level.o
                                         0x48 (size before relaxing)
 .rodata.str1.1
                0x00000000000c3009       0x12 cfn.o
 .rodata.str1.1
                0x00000000000c301b       0x28 picstyle.o
 .rodata.str1.1
                0x00000000000c3043      0x19a exmem.o
                                        0x1ae (size before relaxing)
 .rodata.str1.1
                0x00000000000c31dd       0x7f bmp.o
                                         0x88 (size before relaxing)
 .rodata.str1.1
                0x00000000000c325c       0x78 rbf_font.o
 .rodata.str1.1
                0x00000000000c32d4       0x3d stdio.o
                                         0x41 (size before relaxing)
 .rodata.str1.1
                0x00000000000c3311       0x78 movie_menu_raw_only.o
                                         0x90 (size before relaxing)
 .rodata.str1.1
                0x00000000000c3389      0x558 config.o
                                        0x5bd (size before relaxing)
 .rodata.str1.1
                0x00000000000c38e1       0xd5 bitrate-5d3.o
                                         0xdb (size before relaxing)
 .rodata.str1.1
                0x00000000000c39b6     0x1167 tweaks.o
                                       0x11ce (size before relaxing)
 .rodata.str1.1
                0x00000000000c4b1d      0x92d lens.o
                                        0xa32 (size before relaxing)
 .rodata.str1.1
                0x00000000000c544a       0x70 property.o
 .rodata.str1.1
                0x00000000000c54ba       0xea propvalues.o
                                         0xf7 (size before relaxing)
 .rodata.str1.1
                0x00000000000c55a4       0x7c gui-common.o
                                         0x82 (size before relaxing)
 .rodata.str1.1
                0x00000000000c5620      0x24e movtweaks.o
                                        0x25b (size before relaxing)
 .rodata.str1.1
                0x00000000000c586e      0x2f3 menuhelp.o
                                        0x352 (size before relaxing)
 .rodata.str1.1
                0x00000000000c5b61      0x139 menuindex.o
                                        0x173 (size before relaxing)
 .rodata.str1.1
                0x00000000000c5c9a      0xb1d focus.o
                                        0xb32 (size before relaxing)
 .rodata.str1.1
                0x00000000000c67b7       0x42 notify_box.o
 .rodata.str1.1
                0x00000000000c67f9       0x74 bootflags.o
 .rodata.str1.1
                0x00000000000c686d       0x49 vram.o
 .rodata.str1.1
                0x00000000000c68b6       0x4b greenscreen.o
 .rodata.str1.1
                0x00000000000c6901      0x714 fps-engio.o
                                        0x75f (size before relaxing)
 .rodata.str1.1
                0x00000000000c7015     0x28c0 shoot.o
                                       0x2aab (size before relaxing)
 .rodata.str1.1
                0x00000000000c98d5      0x38b hdr.o
                                        0x3be (size before relaxing)
 .rodata.str1.1
                0x00000000000c9c60      0x1c7 lv-img-engio.o
                                        0x1ea (size before relaxing)
 .rodata.str1.1
                0x00000000000c9e27       0x55 state-object.o
 .rodata.str1.1
                0x00000000000c9e7c       0xbb tasks.o
                                         0xc2 (size before relaxing)
 .rodata.str1.1
                0x00000000000c9f37        0xf vsync-lite.o
 .rodata.str1.1
                0x00000000000c9f46       0xa1 tskmon.o
                                         0xb9 (size before relaxing)
 .rodata.str1.1
                0x00000000000c9fe7       0x2e battery.o
 .rodata.str1.1
                0x00000000000ca015      0x174 histogram.o
                                        0x196 (size before relaxing)
 .rodata.str1.1
                0x00000000000ca189       0x64 falsecolor.o
 .rodata.str1.1
                0x00000000000ca1ed      0x150 audio-ak.o
                                        0x164 (size before relaxing)
 .rodata.str1.1
                0x00000000000ca33d     0x13e8 zebra.o
                                       0x154d (size before relaxing)
 .rodata.str1.1
                0x00000000000cb725       0xc3 vectorscope.o
                                         0xde (size before relaxing)
 .rodata.str1.1
                0x00000000000cb7e8      0x332 beep.o
                                        0x347 (size before relaxing)
 .rodata.str1.1
                0x00000000000cbb1a       0xca flexinfo.o
                                        0x179 (size before relaxing)
 .rodata.str1.1
                0x00000000000cbbe4       0x32 screenshot.o
                                         0x35 (size before relaxing)
 .rodata.str1.1